Archive member included because of file (symbol)

C:\Users\12195032\Documents\PROJECT\Project\Library\libOS.a(OS.o)
                              ./Sources/main.o (OS_Init)
C:\Users\12195032\Documents\PROJECT\Project\Library\libAnalog.a(analog.o)
                              ./Sources/main.o (Analog_Init)
C:\Users\12195032\Documents\PROJECT\Project\Library\libAnalog.a(SPI.o)
                              C:\Users\12195032\Documents\PROJECT\Project\Library\libAnalog.a(analog.o) (SPI_Init)
c:/freescale/kds_3.0.0/toolchain/bin/../lib/gcc/arm-none-eabi/4.8.4/../../../../arm-none-eabi/lib/armv7e-m/fpu\libm.a(lib_a-w_pow.o)
                              ./Sources/main.o (pow)
c:/freescale/kds_3.0.0/toolchain/bin/../lib/gcc/arm-none-eabi/4.8.4/../../../../arm-none-eabi/lib/armv7e-m/fpu\libm.a(lib_a-w_sqrt.o)
                              ./Sources/main.o (sqrt)
c:/freescale/kds_3.0.0/toolchain/bin/../lib/gcc/arm-none-eabi/4.8.4/../../../../arm-none-eabi/lib/armv7e-m/fpu\libm.a(lib_a-e_pow.o)
                              c:/freescale/kds_3.0.0/toolchain/bin/../lib/gcc/arm-none-eabi/4.8.4/../../../../arm-none-eabi/lib/armv7e-m/fpu\libm.a(lib_a-w_pow.o) (__ieee754_pow)
c:/freescale/kds_3.0.0/toolchain/bin/../lib/gcc/arm-none-eabi/4.8.4/../../../../arm-none-eabi/lib/armv7e-m/fpu\libm.a(lib_a-e_sqrt.o)
                              c:/freescale/kds_3.0.0/toolchain/bin/../lib/gcc/arm-none-eabi/4.8.4/../../../../arm-none-eabi/lib/armv7e-m/fpu\libm.a(lib_a-w_sqrt.o) (__ieee754_sqrt)
c:/freescale/kds_3.0.0/toolchain/bin/../lib/gcc/arm-none-eabi/4.8.4/../../../../arm-none-eabi/lib/armv7e-m/fpu\libm.a(lib_a-s_fabs.o)
                              c:/freescale/kds_3.0.0/toolchain/bin/../lib/gcc/arm-none-eabi/4.8.4/../../../../arm-none-eabi/lib/armv7e-m/fpu\libm.a(lib_a-e_pow.o) (fabs)
c:/freescale/kds_3.0.0/toolchain/bin/../lib/gcc/arm-none-eabi/4.8.4/../../../../arm-none-eabi/lib/armv7e-m/fpu\libm.a(lib_a-s_finite.o)
                              c:/freescale/kds_3.0.0/toolchain/bin/../lib/gcc/arm-none-eabi/4.8.4/../../../../arm-none-eabi/lib/armv7e-m/fpu\libm.a(lib_a-w_pow.o) (finite)
c:/freescale/kds_3.0.0/toolchain/bin/../lib/gcc/arm-none-eabi/4.8.4/../../../../arm-none-eabi/lib/armv7e-m/fpu\libm.a(lib_a-s_fpclassify.o)
                              c:/freescale/kds_3.0.0/toolchain/bin/../lib/gcc/arm-none-eabi/4.8.4/../../../../arm-none-eabi/lib/armv7e-m/fpu\libm.a(lib_a-w_pow.o) (__fpclassifyd)
c:/freescale/kds_3.0.0/toolchain/bin/../lib/gcc/arm-none-eabi/4.8.4/../../../../arm-none-eabi/lib/armv7e-m/fpu\libm.a(lib_a-s_lib_ver.o)
                              c:/freescale/kds_3.0.0/toolchain/bin/../lib/gcc/arm-none-eabi/4.8.4/../../../../arm-none-eabi/lib/armv7e-m/fpu\libm.a(lib_a-w_pow.o) (__fdlib_version)
c:/freescale/kds_3.0.0/toolchain/bin/../lib/gcc/arm-none-eabi/4.8.4/../../../../arm-none-eabi/lib/armv7e-m/fpu\libm.a(lib_a-s_matherr.o)
                              c:/freescale/kds_3.0.0/toolchain/bin/../lib/gcc/arm-none-eabi/4.8.4/../../../../arm-none-eabi/lib/armv7e-m/fpu\libm.a(lib_a-w_pow.o) (matherr)
c:/freescale/kds_3.0.0/toolchain/bin/../lib/gcc/arm-none-eabi/4.8.4/../../../../arm-none-eabi/lib/armv7e-m/fpu\libm.a(lib_a-s_nan.o)
                              c:/freescale/kds_3.0.0/toolchain/bin/../lib/gcc/arm-none-eabi/4.8.4/../../../../arm-none-eabi/lib/armv7e-m/fpu\libm.a(lib_a-e_pow.o) (nan)
c:/freescale/kds_3.0.0/toolchain/bin/../lib/gcc/arm-none-eabi/4.8.4/../../../../arm-none-eabi/lib/armv7e-m/fpu\libm.a(lib_a-s_rint.o)
                              c:/freescale/kds_3.0.0/toolchain/bin/../lib/gcc/arm-none-eabi/4.8.4/../../../../arm-none-eabi/lib/armv7e-m/fpu\libm.a(lib_a-w_pow.o) (rint)
c:/freescale/kds_3.0.0/toolchain/bin/../lib/gcc/arm-none-eabi/4.8.4/../../../../arm-none-eabi/lib/armv7e-m/fpu\libm.a(lib_a-s_scalbn.o)
                              c:/freescale/kds_3.0.0/toolchain/bin/../lib/gcc/arm-none-eabi/4.8.4/../../../../arm-none-eabi/lib/armv7e-m/fpu\libm.a(lib_a-e_pow.o) (scalbn)
c:/freescale/kds_3.0.0/toolchain/bin/../lib/gcc/arm-none-eabi/4.8.4/../../../../arm-none-eabi/lib/armv7e-m/fpu\libm.a(lib_a-s_copysign.o)
                              c:/freescale/kds_3.0.0/toolchain/bin/../lib/gcc/arm-none-eabi/4.8.4/../../../../arm-none-eabi/lib/armv7e-m/fpu\libm.a(lib_a-s_scalbn.o) (copysign)
c:/freescale/kds_3.0.0/toolchain/bin/../lib/gcc/arm-none-eabi/4.8.4/armv7e-m/fpu\libgcc.a(_arm_addsubdf3.o)
                              c:/freescale/kds_3.0.0/toolchain/bin/../lib/gcc/arm-none-eabi/4.8.4/../../../../arm-none-eabi/lib/armv7e-m/fpu\libm.a(lib_a-e_pow.o) (__aeabi_dsub)
c:/freescale/kds_3.0.0/toolchain/bin/../lib/gcc/arm-none-eabi/4.8.4/armv7e-m/fpu\libgcc.a(_arm_muldivdf3.o)
                              c:/freescale/kds_3.0.0/toolchain/bin/../lib/gcc/arm-none-eabi/4.8.4/../../../../arm-none-eabi/lib/armv7e-m/fpu\libm.a(lib_a-w_pow.o) (__aeabi_dmul)
c:/freescale/kds_3.0.0/toolchain/bin/../lib/gcc/arm-none-eabi/4.8.4/armv7e-m/fpu\libgcc.a(_arm_cmpdf2.o)
[...]
Memory Configuration

Name             Origin             Length             Attributes
m_interrupts     0x00000000         0x000001e8         xr
m_text           0x00000410         0x0007fbf0         xr
m_data           0x1fff0000         0x00010000         rw
m_data_20000000  0x20000000         0x00010000         rw
m_cfmprotrom     0x00000400         0x00000010         xr
*default*        0x00000000         0xffffffff

Linker script and memory map

LOAD c:/freescale/kds_3.0.0/toolchain/bin/../lib/gcc/arm-none-eabi/4.8.4/armv7e-m/fpu/crti.o
LOAD c:/freescale/kds_3.0.0/toolchain/bin/../lib/gcc/arm-none-eabi/4.8.4/armv7e-m/fpu/crtbegin.o
LOAD c:/freescale/kds_3.0.0/toolchain/bin/../lib/gcc/arm-none-eabi/4.8.4/../../../../arm-none-eabi/lib/armv7e-m/fpu/crt0.o
LOAD ./Sources/Events.o
LOAD ./Sources/FIFO.o
LOAD ./Sources/FTM.o
LOAD ./Sources/Flash.o
LOAD ./Sources/LEDs.o
LOAD ./Sources/PIT.o
LOAD ./Sources/UART.o
LOAD ./Sources/main.o
LOAD ./Sources/old-main.o
LOAD ./Sources/packet.o
LOAD ./Project_Settings/Startup_Code/startup.o
LOAD ./Generated_Code/Cpu.o
LOAD ./Generated_Code/Vectors.o
LOAD ./Generated_Code/Vectors_Backup.o
LOAD C:\Users\12195032\Documents\PROJECT\Project\Library\libOS.a
LOAD C:\Users\12195032\Documents\PROJECT\Project\Library\libAnalog.a
LOAD c:/freescale/kds_3.0.0/toolchain/bin/../lib/gcc/arm-none-eabi/4.8.4/../../../../arm-none-eabi/lib/armv7e-m/fpu\libstdc++_s.a
LOAD c:/freescale/kds_3.0.0/toolchain/bin/../lib/gcc/arm-none-eabi/4.8.4/../../../../arm-none-eabi/lib/armv7e-m/fpu\libm.a
START GROUP
LOAD c:/freescale/kds_3.0.0/toolchain/bin/../lib/gcc/arm-none-eabi/4.8.4/armv7e-m/fpu\libgcc.a
LOAD c:/freescale/kds_3.0.0/toolchain/bin/../lib/gcc/arm-none-eabi/4.8.4/../../../../arm-none-eabi/lib/armv7e-m/fpu\libg_s.a
LOAD c:/freescale/kds_3.0.0/toolchain/bin/../lib/gcc/arm-none-eabi/4.8.4/../../../../arm-none-eabi/lib/armv7e-m/fpu\libc_s.a
END GROUP
START GROUP
LOAD c:/freescale/kds_3.0.0/toolchain/bin/../lib/gcc/arm-none-eabi/4.8.4/armv7e-m/fpu\libgcc.a
LOAD c:/freescale/kds_3.0.0/toolchain/bin/../lib/gcc/arm-none-eabi/4.8.4/../../../../arm-none-eabi/lib/armv7e-m/fpu\libc_s.a
LOAD c:/freescale/kds_3.0.0/toolchain/bin/../lib/gcc/arm-none-eabi/4.8.4/../../../../arm-none-eabi/lib/armv7e-m/fpu\libnosys.a
END GROUP
START GROUP
LOAD c:/freescale/kds_3.0.0/toolchain/bin/../lib/gcc/arm-none-eabi/4.8.4/armv7e-m/fpu\libgcc.a
LOAD c:/freescale/kds_3.0.0/toolchain/bin/../lib/gcc/arm-none-eabi/4.8.4/../../../../arm-none-eabi/lib/armv7e-m/fpu\libc_s.a
LOAD c:/freescale/kds_3.0.0/toolchain/bin/../lib/gcc/arm-none-eabi/4.8.4/../../../../arm-none-eabi/lib/armv7e-m/fpu\libnosys.a
END GROUP
LOAD c:/freescale/kds_3.0.0/toolchain/bin/../lib/gcc/arm-none-eabi/4.8.4/armv7e-m/fpu/crtend.o
LOAD c:/freescale/kds_3.0.0/toolchain/bin/../lib/gcc/arm-none-eabi/4.8.4/armv7e-m/fpu/crtn.o
                0x20000000                _estack = 0x20000000
                0x20000000                __SP_INIT = _estack
                0x20000000                __stack = _estack
                0x00000000                __heap_size = 0x0
                0x00000400                __stack_size = 0x400

.interrupts     0x00000000      0x1e8
                0x00000000                __vector_table = .
                0x00000000                . = ALIGN (0x4)
 *(.vectortable)
 .vectortable   0x00000000      0x1e8 ./Generated_Code/Vectors.o
                0x00000000                __vect_table
                0x000001e8                . = ALIGN (0x4)

.cfmprotect     0x00000400       0x10
                0x00000400                . = ALIGN (0x4)
 *(.cfmconfig)
 .cfmconfig     0x00000400       0x10 ./Generated_Code/Cpu.o
                0x00000400                _cfm
                0x00000410                . = ALIGN (0x4)

.text           0x00000410     0x4f58
                0x00000410                . = ALIGN (0x4)
 *(.text)
 .text          0x00000410       0x54 c:/freescale/kds_3.0.0/toolchain/bin/../lib/gcc/arm-none-eabi/4.8.4/armv7e-m/fpu/crtbegin.o
 .text          0x00000464       0x74 c:/freescale/kds_3.0.0/toolchain/bin/../lib/gcc/arm-none-eabi/4.8.4/../../../../arm-none-eabi/lib/armv7e-m/fpu/crt0.o
                0x00000464                _start
                0x00000464                _mainCRTStartup
 .text          0x000004d8      0x370 c:/freescale/kds_3.0.0/toolchain/bin/../lib/gcc/arm-none-eabi/4.8.4/armv7e-m/fpu\libgcc.a(_arm_addsubdf3.o)
                0x000004d8                __aeabi_drsub
                0x000004e0                __aeabi_dsub
                0x000004e0                __subdf3
                0x000004e4                __aeabi_dadd
                0x000004e4                __adddf3
                0x0000075c                __floatunsidf
                0x0000075c                __aeabi_ui2d
                0x0000077c                __floatsidf
                0x0000077c                __aeabi_i2d
                0x000007a0                __aeabi_f2d
                0x000007a0                __extendsfdf2
                0x000007dc                __floatundidf
                0x000007dc                __aeabi_ul2d
                0x000007ec                __floatdidf
                0x000007ec                __aeabi_l2d
 .text          0x00000848      0x424 c:/freescale/kds_3.0.0/toolchain/bin/../lib/gcc/arm-none-eabi/4.8.4/armv7e-m/fpu\libgcc.a(_arm_muldivdf3.o)
                0x00000848                __aeabi_dmul
                0x00000848                __muldf3
                0x00000a9c                __divdf3
                0x00000a9c                __aeabi_ddiv
 .text          0x00000c6c      0x110 c:/freescale/kds_3.0.0/toolchain/bin/../lib/gcc/arm-none-eabi/4.8.4/armv7e-m/fpu\libgcc.a(_arm_cmpdf2.o)
                0x00000c6c                __gtdf2
                0x00000c6c                __gedf2
                0x00000c74                __ltdf2
                0x00000c74                __ledf2
                0x00000c7c                __nedf2
                0x00000c7c                __eqdf2
                0x00000c7c                __cmpdf2
                0x00000cf8                __aeabi_cdrcmple
                0x00000d08                __aeabi_cdcmpeq
                0x00000d08                __aeabi_cdcmple
                0x00000d18                __aeabi_dcmpeq
                0x00000d2c                __aeabi_dcmplt
                0x00000d40                __aeabi_dcmple
                0x00000d54                __aeabi_dcmpge
                0x00000d68                __aeabi_dcmpgt
 .text          0x00000d7c       0x40 c:/freescale/kds_3.0.0/toolchain/bin/../lib/gcc/arm-none-eabi/4.8.4/armv7e-m/fpu\libgcc.a(_arm_fixunsdfsi.o)
                0x00000d7c                __aeabi_d2uiz
                0x00000d7c                __fixunsdfsi
 *(.text*)
 .text.FIFO_Init
                0x00000dbc       0x4c ./Sources/FIFO.o
                0x00000dbc                FIFO_Init
 .text.FIFO_Put
                0x00000e08       0x7c ./Sources/FIFO.o
                0x00000e08                FIFO_Put
 .text.FIFO_Get
                0x00000e84       0x7c ./Sources/FIFO.o
                0x00000e84                FIFO_Get
 .text.FTM_Init
                0x00000f00       0x74 ./Sources/FTM.o
                0x00000f00                FTM_Init
 .text.FTM_Set  0x00000f74      0x1fc ./Sources/FTM.o
                0x00000f74                FTM_Set
 .text.FTM_StartTimer
                0x00001170       0xa0 ./Sources/FTM.o
                0x00001170                FTM_StartTimer
 .text.FTM0_ISR
                0x00001210       0xa8 ./Sources/FTM.o
                0x00001210                FTM0_ISR
 .text.Flash_Init
                0x000012b8       0x2c ./Sources/Flash.o
                0x000012b8                Flash_Init
 .text.Flash_AllocateVar
                0x000012e4       0x90 ./Sources/Flash.o
                0x000012e4                Flash_AllocateVar
 .text.Flash_Write16
                0x00001374       0x64 ./Sources/Flash.o
                0x00001374                Flash_Write16
 .text.Flash_Write8
                0x000013d8       0x50 ./Sources/Flash.o
                0x000013d8                Flash_Write8
 .text.Flash_Erase
                0x00001428       0x40 ./Sources/Flash.o
                0x00001428                Flash_Erase
 .text.ReadPhrase
                0x00001468       0x24 ./Sources/Flash.o
 .text.WritePhrase
                0x0000148c       0x9c ./Sources/Flash.o
 .text.WaitCCIF
                0x00001528       0x20 ./Sources/Flash.o
 .text.SetCCIF  0x00001548       0x20 ./Sources/Flash.o
 .text.LEDs_Init
                0x00001568       0xb4 ./Sources/LEDs.o
                0x00001568                LEDs_Init
 .text.LEDs_On  0x0000161c       0x1c ./Sources/LEDs.o
                0x0000161c                LEDs_On
 .text.LEDs_Off
                0x00001638       0x1c ./Sources/LEDs.o
                0x00001638                LEDs_Off
 .text.LEDs_Toggle
                0x00001654       0x1c ./Sources/LEDs.o
                0x00001654                LEDs_Toggle
 .text.PIT_Init
                0x00001670       0xb4 ./Sources/PIT.o
                0x00001670                PIT_Init
 *fill*         0x00001724        0x4 
 .text.PIT0_Set
                0x00001728       0x78 ./Sources/PIT.o
                0x00001728                PIT0_Set
 .text.PIT0_Enable
                0x000017a0       0x40 ./Sources/PIT.o
                0x000017a0                PIT0_Enable
 .text.PIT1_Set
                0x000017e0       0x78 ./Sources/PIT.o
                0x000017e0                PIT1_Set
 .text.PIT1_Enable
                0x00001858       0x40 ./Sources/PIT.o
                0x00001858                PIT1_Enable
 .text.PIT0_ISR
                0x00001898       0x40 ./Sources/PIT.o
                0x00001898                PIT0_ISR
 .text.PIT1_ISR
                0x000018d8       0x40 ./Sources/PIT.o
                0x000018d8                PIT1_ISR
 .text.UART_Init
                0x00001918      0x174 ./Sources/UART.o
                0x00001918                UART_Init
 .text.UART_InChar
                0x00001a8c       0x1c ./Sources/UART.o
                0x00001a8c                UART_InChar
 .text.UART_OutChar
                0x00001aa8       0x20 ./Sources/UART.o
                0x00001aa8                UART_OutChar
 .text.ReceiveThread
                0x00001ac8       0x40 ./Sources/UART.o
                0x00001ac8                ReceiveThread
 .text.TransmitThread
                0x00001b08       0x44 ./Sources/UART.o
                0x00001b08                TransmitThread
 .text.UART_ISR
                0x00001b4c       0x98 ./Sources/UART.o
                0x00001b4c                UART_ISR
 *fill*         0x00001be4        0x4 
 .text.calculate_Time
                0x00001be8       0xe0 ./Sources/main.o
                0x00001be8                calculate_Time
 .text.calculate_RMS
                0x00001cc8       0xa0 ./Sources/main.o
                0x00001cc8                calculate_RMS
 .text.FTM0Callback
                0x00001d68       0x18 ./Sources/main.o
 .text.InitModulesThread
                0x00001d80       0xc8 ./Sources/main.o
 .text.PacketThread
                0x00001e48       0x7c ./Sources/main.o
 .text.PIT0Thread
                0x00001ec4       0x50 ./Sources/main.o
 .text.PIT1Thread
                0x00001f14       0x28 ./Sources/main.o
 .text.FTM0Thread
                0x00001f3c       0x24 ./Sources/main.o
                0x00001f3c                FTM0Thread
 .text.AnalogLoopbackThread
                0x00001f60       0xf0 ./Sources/main.o
                0x00001f60                AnalogLoopbackThread
 .text.main     0x00002050       0xfc ./Sources/main.o
                0x00002050                main
 .text.PacketTest
                0x0000214c       0x44 ./Sources/packet.o
                0x0000214c                PacketTest
 .text.DataToFlash
                0x00002190       0x7c ./Sources/packet.o
                0x00002190                DataToFlash
 .text.Packet_Init
                0x0000220c       0x48 ./Sources/packet.o
                0x0000220c                Packet_Init
 .text.Packet_Get
                0x00002254      0x10c ./Sources/packet.o
                0x00002254                Packet_Get
 .text.Packet_Put
                0x00002360       0x68 ./Sources/packet.o
                0x00002360                Packet_Put
 .text.Packet_Handle
                0x000023c8      0x2ec ./Sources/packet.o
                0x000023c8                Packet_Handle
 .text.__copy_rom_section
                0x000026b4       0xe4 ./Project_Settings/Startup_Code/startup.o
                0x000026b4                __copy_rom_section
 .text.__copy_rom_sections_to_ram
                0x00002798       0x9c ./Project_Settings/Startup_Code/startup.o
                0x00002798                __copy_rom_sections_to_ram
 .text.__init_registers
                0x00002834       0x20 ./Project_Settings/Startup_Code/startup.o
                0x00002834                __init_registers
 .text.__init_user
                0x00002854        0xc ./Project_Settings/Startup_Code/startup.o
                0x00002854                __init_user
 .text.__thumb_startup
                0x00002860       0x34 ./Project_Settings/Startup_Code/startup.o
                0x00002860                __thumb_startup
 .text.Cpu_Interrupt
                0x00002894       0x18 ./Generated_Code/Cpu.o
                0x00002894                Cpu_Interrupt
 .text.__init_hardware
                0x000028ac      0x1cc ./Generated_Code/Cpu.o
                0x000028ac                __init_hardware
 .text.Cpu_SetBASEPRI
                0x00002a78       0x18 ./Generated_Code/Cpu.o
                0x00002a78                Cpu_SetBASEPRI
 .text.PE_low_level_init
                0x00002a90       0xe4 ./Generated_Code/Cpu.o
                0x00002a90                PE_low_level_init
 .text.OS_Init  0x00002b74      0x110 C:\Users\12195032\Documents\PROJECT\Project\Library\libOS.a(OS.o)
                0x00002b74                OS_Init
 .text.OS_ISREnter
                0x00002c84       0x20 C:\Users\12195032\Documents\PROJECT\Project\Library\libOS.a(OS.o)
                0x00002c84                OS_ISREnter
 .text.OS_ISRExit
                0x00002ca4       0x1c C:\Users\12195032\Documents\PROJECT\Project\Library\libOS.a(OS.o)
                0x00002ca4                OS_ISRExit
 .text.OS_SemaphoreCreate
                0x00002cc0       0x90 C:\Users\12195032\Documents\PROJECT\Project\Library\libOS.a(OS.o)
                0x00002cc0                OS_SemaphoreCreate
 .text.OS_SemaphoreSignal
                0x00002d50       0x44 C:\Users\12195032\Documents\PROJECT\Project\Library\libOS.a(OS.o)
                0x00002d50                OS_SemaphoreSignal
 .text.OS_SemaphoreWait
                0x00002d94       0x58 C:\Users\12195032\Documents\PROJECT\Project\Library\libOS.a(OS.o)
                0x00002d94                OS_SemaphoreWait
 .text.OS_Start
                0x00002dec       0x10 C:\Users\12195032\Documents\PROJECT\Project\Library\libOS.a(OS.o)
                0x00002dec                OS_Start
 .text.OS_ThreadCreate
                0x00002dfc      0x160 C:\Users\12195032\Documents\PROJECT\Project\Library\libOS.a(OS.o)
                0x00002dfc                OS_ThreadCreate
 .text.OS_ThreadDelete
                0x00002f5c      0x18c C:\Users\12195032\Documents\PROJECT\Project\Library\libOS.a(OS.o)
                0x00002f5c                OS_ThreadDelete
 .text.EventThreadReady
                0x000030e8       0x68 C:\Users\12195032\Documents\PROJECT\Project\Library\libOS.a(OS.o)
 .text.EventThreadWait
                0x00003150       0x64 C:\Users\12195032\Documents\PROJECT\Project\Library\libOS.a(OS.o)
 .text.EventTimeout
                0x000031b4       0x40 C:\Users\12195032\Documents\PROJECT\Project\Library\libOS.a(OS.o)
 .text.Idle     0x000031f4       0x18 C:\Users\12195032\Documents\PROJECT\Project\Library\libOS.a(OS.o)
 .text.FindFirstSet
                0x0000320c       0x44 C:\Users\12195032\Documents\PROJECT\Project\Library\libOS.a(OS.o)
 .text.Schedule
                0x00003250       0x64 C:\Users\12195032\Documents\PROJECT\Project\Library\libOS.a(OS.o)
 .text.TCBInit  0x000032b4       0xcc C:\Users\12195032\Documents\PROJECT\Project\Library\libOS.a(OS.o)
 .text.TimeTick
                0x00003380       0x74 C:\Users\12195032\Documents\PROJECT\Project\Library\libOS.a(OS.o)
 *fill*         0x000033f4        0xc 
 .text.OS_ContextSwitchISR
                0x00003400       0x70 C:\Users\12195032\Documents\PROJECT\Project\Library\libOS.a(OS.o)
                0x00003400                OS_ContextSwitchISR
 .text.OS_SysTickISR
                0x00003470       0x5c C:\Users\12195032\Documents\PROJECT\Project\Library\libOS.a(OS.o)
                0x00003470                OS_SysTickISR
 .text.DACWrite
                0x000034cc       0x6c C:\Users\12195032\Documents\PROJECT\Project\Library\libAnalog.a(analog.o)
 .text.Analog_Init
                0x00003538      0x100 C:\Users\12195032\Documents\PROJECT\Project\Library\libAnalog.a(analog.o)
                0x00003538                Analog_Init
 .text.Analog_Get
                0x00003638       0x78 C:\Users\12195032\Documents\PROJECT\Project\Library\libAnalog.a(analog.o)
                0x00003638                Analog_Get
 .text.Analog_Put
                0x000036b0       0x50 C:\Users\12195032\Documents\PROJECT\Project\Library\libAnalog.a(analog.o)
                0x000036b0                Analog_Put
 .text.InitChipSelectPins
                0x00003700       0x6c C:\Users\12195032\Documents\PROJECT\Project\Library\libAnalog.a(SPI.o)
 .text.SetupModuleConfigurationRegister
                0x0000376c      0x104 C:\Users\12195032\Documents\PROJECT\Project\Library\libAnalog.a(SPI.o)
 .text.SetBaudRate
                0x00003870      0x15c C:\Users\12195032\Documents\PROJECT\Project\Library\libAnalog.a(SPI.o)
 .text.SetDelayAfterTransfer
                0x000039cc      0x168 C:\Users\12195032\Documents\PROJECT\Project\Library\libAnalog.a(SPI.o)
 .text.SetupClockAndTransferAttributesRegister
                0x00003b34      0x16c C:\Users\12195032\Documents\PROJECT\Project\Library\libAnalog.a(SPI.o)
 .text.SPI_Init
                0x00003ca0       0x90 C:\Users\12195032\Documents\PROJECT\Project\Library\libAnalog.a(SPI.o)
                0x00003ca0                SPI_Init
 .text.SPI_SelectSlaveDevice
                0x00003d30       0x6c C:\Users\12195032\Documents\PROJECT\Project\Library\libAnalog.a(SPI.o)
                0x00003d30                SPI_SelectSlaveDevice
 .text.SPI_Exchange
                0x00003d9c       0x94 C:\Users\12195032\Documents\PROJECT\Project\Library\libAnalog.a(SPI.o)
                0x00003d9c                SPI_Exchange
 .text.pow      0x00003e30      0x340 c:/freescale/kds_3.0.0/toolchain/bin/../lib/gcc/arm-none-eabi/4.8.4/../../../../arm-none-eabi/lib/armv7e-m/fpu\libm.a(lib_a-w_pow.o)
                0x00003e30                pow
 .text.sqrt     0x00004170       0xbc c:/freescale/kds_3.0.0/toolchain/bin/../lib/gcc/arm-none-eabi/4.8.4/../../../../arm-none-eabi/lib/armv7e-m/fpu\libm.a(lib_a-w_sqrt.o)
                0x00004170                sqrt
 *fill*         0x0000422c        0x4 
 .text.__ieee754_pow
                0x00004230      0xae8 c:/freescale/kds_3.0.0/toolchain/bin/../lib/gcc/arm-none-eabi/4.8.4/../../../../arm-none-eabi/lib/armv7e-m/fpu\libm.a(lib_a-e_pow.o)
                0x00004230                __ieee754_pow
 .text.__ieee754_sqrt
                0x00004d18      0x198 c:/freescale/kds_3.0.0/toolchain/bin/../lib/gcc/arm-none-eabi/4.8.4/../../../../arm-none-eabi/lib/armv7e-m/fpu\libm.a(lib_a-e_sqrt.o)
                0x00004d18                __ieee754_sqrt
 .text.fabs     0x00004eb0       0x14 c:/freescale/kds_3.0.0/toolchain/bin/../lib/gcc/arm-none-eabi/4.8.4/../../../../arm-none-eabi/lib/armv7e-m/fpu\libm.a(lib_a-s_fabs.o)
                0x00004eb0                fabs
 .text.finite   0x00004ec4       0x10 c:/freescale/kds_3.0.0/toolchain/bin/../lib/gcc/arm-none-eabi/4.8.4/../../../../arm-none-eabi/lib/armv7e-m/fpu\libm.a(lib_a-s_finite.o)
                0x00004ec4                finite
 .text.__fpclassifyd
                0x00004ed4       0x54 c:/freescale/kds_3.0.0/toolchain/bin/../lib/gcc/arm-none-eabi/4.8.4/../../../../arm-none-eabi/lib/armv7e-m/fpu\libm.a(lib_a-s_fpclassify.o)
                0x00004ed4                __fpclassifyd
 .text.matherr  0x00004f28        0x4 c:/freescale/kds_3.0.0/toolchain/bin/../lib/gcc/arm-none-eabi/4.8.4/../../../../arm-none-eabi/lib/armv7e-m/fpu\libm.a(lib_a-s_matherr.o)
                0x00004f28                matherr
 *fill*         0x00004f2c        0x4 
 .text.nan      0x00004f30       0x10 c:/freescale/kds_3.0.0/toolchain/bin/../lib/gcc/arm-none-eabi/4.8.4/../../../../arm-none-eabi/lib/armv7e-m/fpu\libm.a(lib_a-s_nan.o)
                0x00004f30                nan
 .text.rint     0x00004f40      0x120 c:/freescale/kds_3.0.0/toolchain/bin/../lib/gcc/arm-none-eabi/4.8.4/../../../../arm-none-eabi/lib/armv7e-m/fpu\libm.a(lib_a-s_rint.o)
                0x00004f40                rint
 .text.scalbn   0x00005060      0x120 c:/freescale/kds_3.0.0/toolchain/bin/../lib/gcc/arm-none-eabi/4.8.4/../../../../arm-none-eabi/lib/armv7e-m/fpu\libm.a(lib_a-s_scalbn.o)
                0x00005060                scalbn
 .text.copysign
                0x00005180       0x24 c:/freescale/kds_3.0.0/toolchain/bin/../lib/gcc/arm-none-eabi/4.8.4/../../../../arm-none-eabi/lib/armv7e-m/fpu\libm.a(lib_a-s_copysign.o)
                0x00005180                copysign
 .text.__errno  0x000051a4        0xc c:/freescale/kds_3.0.0/toolchain/bin/../lib/gcc/arm-none-eabi/4.8.4/../../../../arm-none-eabi/lib/armv7e-m/fpu\libg_s.a(lib_a-errno.o)
                0x000051a4                __errno
 .text.exit     0x000051b0       0x28 c:/freescale/kds_3.0.0/toolchain/bin/../lib/gcc/arm-none-eabi/4.8.4/../../../../arm-none-eabi/lib/armv7e-m/fpu\libg_s.a(lib_a-exit.o)
                0x000051b0                exit
 .text.__libc_init_array
                0x000051d8       0x4c c:/freescale/kds_3.0.0/toolchain/bin/../lib/gcc/arm-none-eabi/4.8.4/../../../../arm-none-eabi/lib/armv7e-m/fpu\libg_s.a(lib_a-init.o)
                0x000051d8                __libc_init_array
 .text.memset   0x00005224       0x10 c:/freescale/kds_3.0.0/toolchain/bin/../lib/gcc/arm-none-eabi/4.8.4/../../../../arm-none-eabi/lib/armv7e-m/fpu\libg_s.a(lib_a-memset.o)
                0x00005224                memset
 .text._exit    0x00005234        0x4 c:/freescale/kds_3.0.0/toolchain/bin/../lib/gcc/arm-none-eabi/4.8.4/../../../../arm-none-eabi/lib/armv7e-m/fpu\libnosys.a(_exit.o)
                0x00005234                _exit
 *(.rodata)
 .rodata        0x00005238        0x4 C:\Users\12195032\Documents\PROJECT\Project\Library\libAnalog.a(analog.o)
 .rodata        0x0000523c       0xa0 C:\Users\12195032\Documents\PROJECT\Project\Library\libAnalog.a(SPI.o)
 *(.rodata*)
 .rodata.SPI_SETUP
                0x000052dc       0x1c C:\Users\12195032\Documents\PROJECT\Project\Library\libAnalog.a(analog.o)
 .rodata.str1.4
                0x000052f8        0x4 c:/freescale/kds_3.0.0/toolchain/bin/../lib/gcc/arm-none-eabi/4.8.4/../../../../arm-none-eabi/lib/armv7e-m/fpu\libm.a(lib_a-w_pow.o)
 .rodata.str1.4
                0x000052fc        0x5 c:/freescale/kds_3.0.0/toolchain/bin/../lib/gcc/arm-none-eabi/4.8.4/../../../../arm-none-eabi/lib/armv7e-m/fpu\libm.a(lib_a-w_sqrt.o)
                                  0x8 (size before relaxing)
 *fill*         0x00005301        0x7 
 .rodata.dp_h   0x00005308       0x10 c:/freescale/kds_3.0.0/toolchain/bin/../lib/gcc/arm-none-eabi/4.8.4/../../../../arm-none-eabi/lib/armv7e-m/fpu\libm.a(lib_a-e_pow.o)
 .rodata.dp_l   0x00005318       0x10 c:/freescale/kds_3.0.0/toolchain/bin/../lib/gcc/arm-none-eabi/4.8.4/../../../../arm-none-eabi/lib/armv7e-m/fpu\libm.a(lib_a-e_pow.o)
 .rodata.bp     0x00005328       0x10 c:/freescale/kds_3.0.0/toolchain/bin/../lib/gcc/arm-none-eabi/4.8.4/../../../../arm-none-eabi/lib/armv7e-m/fpu\libm.a(lib_a-e_pow.o)
 .rodata.str1.4
                0x00000000        0x8 c:/freescale/kds_3.0.0/toolchain/bin/../lib/gcc/arm-none-eabi/4.8.4/../../../../arm-none-eabi/lib/armv7e-m/fpu\libm.a(lib_a-e_pow.o)
                                  0x4 (size before relaxing)
 .rodata.TWO52  0x00005338       0x10 c:/freescale/kds_3.0.0/toolchain/bin/../lib/gcc/arm-none-eabi/4.8.4/../../../../arm-none-eabi/lib/armv7e-m/fpu\libm.a(lib_a-s_rint.o)
 .rodata.str1.1
                0x00005348        0x2 c:/freescale/kds_3.0.0/toolchain/bin/../lib/gcc/arm-none-eabi/4.8.4/../../../../arm-none-eabi/lib/armv7e-m/fpu\libg_s.a(lib_a-impure.o)
 *fill*         0x0000534a        0x2 
 .rodata._global_impure_ptr
                0x0000534c        0x4 c:/freescale/kds_3.0.0/toolchain/bin/../lib/gcc/arm-none-eabi/4.8.4/../../../../arm-none-eabi/lib/armv7e-m/fpu\libg_s.a(lib_a-impure.o)
                0x0000534c                _global_impure_ptr
 *(.glue_7)
 .glue_7        0x00000000        0x0 linker stubs
 *(.glue_7t)
 .glue_7t       0x00000000        0x0 linker stubs
 *(.eh_frame)
 .eh_frame      0x00005350        0x0 c:/freescale/kds_3.0.0/toolchain/bin/../lib/gcc/arm-none-eabi/4.8.4/armv7e-m/fpu/crtbegin.o
 *(.init)
 .init          0x00005350        0x4 c:/freescale/kds_3.0.0/toolchain/bin/../lib/gcc/arm-none-eabi/4.8.4/armv7e-m/fpu/crti.o
                0x00005350                _init
 .init          0x00005354        0x8 c:/freescale/kds_3.0.0/toolchain/bin/../lib/gcc/arm-none-eabi/4.8.4/armv7e-m/fpu/crtn.o
 *(.fini)
 .fini          0x0000535c        0x4 c:/freescale/kds_3.0.0/toolchain/bin/../lib/gcc/arm-none-eabi/4.8.4/armv7e-m/fpu/crti.o
                0x0000535c                _fini
 .fini          0x00005360        0x8 c:/freescale/kds_3.0.0/toolchain/bin/../lib/gcc/arm-none-eabi/4.8.4/armv7e-m/fpu/crtn.o
                0x00005368                . = ALIGN (0x4)
                0x00005368                _etext = .

.vfp11_veneer   0x00005368        0x0
 .vfp11_veneer  0x00000000        0x0 linker stubs

.v4_bx          0x00005368        0x0
 .v4_bx         0x00000000        0x0 linker stubs

.iplt           0x00005368        0x0
 .iplt          0x00000000        0x0 c:/freescale/kds_3.0.0/toolchain/bin/../lib/gcc/arm-none-eabi/4.8.4/armv7e-m/fpu/crtbegin.o

.ARM.extab
 *(.ARM.extab* .gnu.linkonce.armextab.*)

.ARM            0x00005368        0x8
                0x00005368                __exidx_start = .
 *(.ARM.exidx*)
 .ARM.exidx     0x00005368        0x8 c:/freescale/kds_3.0.0/toolchain/bin/../lib/gcc/arm-none-eabi/4.8.4/../../../../arm-none-eabi/lib/armv7e-m/fpu/crt0.o
                0x00005370                __exidx_end = .

.rel.dyn        0x00005370        0x0
 .rel.iplt      0x00000000        0x0 c:/freescale/kds_3.0.0/toolchain/bin/../lib/gcc/arm-none-eabi/4.8.4/armv7e-m/fpu/crtbegin.o

.ctors          0x00005370        0x0
                0x00005370                __CTOR_LIST__ = .
 *crtbegin.o(.ctors)
 *(EXCLUDE_FILE(*crtend.o) .ctors)
 *(SORT(.ctors.*))
 *(.ctors)
                0x00005370                __CTOR_END__ = .

.dtors          0x00005370        0x0
                0x00005370                __DTOR_LIST__ = .
 *crtbegin.o(.dtors)
 *(EXCLUDE_FILE(*crtend.o) .dtors)
 *(SORT(.dtors.*))
 *(.dtors)
                0x00005370                __DTOR_END__ = .

.preinit_array  0x00005370        0x0
                0x00005370                PROVIDE (__preinit_array_start, .)
 *(.preinit_array*)
                0x00005370                PROVIDE (__preinit_array_end, .)

.init_array     0x00005370        0x4
                0x00005370                PROVIDE (__init_array_start, .)
 *(SORT(.init_array.*))
 *(.init_array*)
 .init_array    0x00005370        0x4 c:/freescale/kds_3.0.0/toolchain/bin/../lib/gcc/arm-none-eabi/4.8.4/armv7e-m/fpu/crtbegin.o
                0x00005374                PROVIDE (__init_array_end, .)

.fini_array     0x00005374        0x4
                0x00005374                PROVIDE (__fini_array_start, .)
 *(SORT(.fini_array.*))
 *(.fini_array*)
 .fini_array    0x00005374        0x4 c:/freescale/kds_3.0.0/toolchain/bin/../lib/gcc/arm-none-eabi/4.8.4/armv7e-m/fpu/crtbegin.o
                0x00005378                PROVIDE (__fini_array_end, .)
                0x00005378                ___ROM_AT = .

.data           0x1fff0000      0x128 load address 0x00005378
                0x1fff0000                . = ALIGN (0x4)
                0x1fff0000                _sdata = .
 *(.data)
 *(.data*)
 .data.phrase_alloc
                0x1fff0000        0x1 ./Sources/Flash.o
                0x1fff0000                phrase_alloc
 *fill*         0x1fff0001        0x3 
 .data.packetTimer
                0x1fff0004       0x10 ./Sources/main.o
                0x1fff0004                packetTimer
 *fill*         0x1fff0014        0x4 
 .data.AnalogThreadData
                0x1fff0018       0xa8 ./Sources/main.o
 .data.__fdlib_version
                0x1fff00c0        0x1 c:/freescale/kds_3.0.0/toolchain/bin/../lib/gcc/arm-none-eabi/4.8.4/../../../../arm-none-eabi/lib/armv7e-m/fpu\libm.a(lib_a-s_lib_ver.o)
                0x1fff00c0                __fdlib_version
 *fill*         0x1fff00c1        0x3 
 .data.impure_data
                0x1fff00c4       0x60 c:/freescale/kds_3.0.0/toolchain/bin/../lib/gcc/arm-none-eabi/4.8.4/../../../../arm-none-eabi/lib/armv7e-m/fpu\libg_s.a(lib_a-impure.o)
 .data._impure_ptr
                0x1fff0124        0x4 c:/freescale/kds_3.0.0/toolchain/bin/../lib/gcc/arm-none-eabi/4.8.4/../../../../arm-none-eabi/lib/armv7e-m/fpu\libg_s.a(lib_a-impure.o)
                0x1fff0124                _impure_ptr
                0x1fff0128                . = ALIGN (0x4)
                0x1fff0128                _edata = .
                0x00000128                ___data_size = (_edata - _sdata)
                0x000054a0                ___m_data_20000000_ROMStart = (___ROM_AT + SIZEOF (.data))

.jcr            0x1fff0128        0x0 load address 0x000054a0
 .jcr           0x1fff0128        0x0 c:/freescale/kds_3.0.0/toolchain/bin/../lib/gcc/arm-none-eabi/4.8.4/armv7e-m/fpu/crtbegin.o

.igot.plt       0x1fff0128        0x0 load address 0x000054a0
 .igot.plt      0x00000000        0x0 c:/freescale/kds_3.0.0/toolchain/bin/../lib/gcc/arm-none-eabi/4.8.4/armv7e-m/fpu/crtbegin.o

.m_data_20000000
                0x20000000        0x0 load address 0x000054a0
                0x20000000                . = ALIGN (0x4)
                0x20000000                ___m_data_20000000_RAMStart = .
 *(.m_data_20000000)
                0x20000000                ___m_data_20000000_RAMEnd = .
                0x20000000                . = ALIGN (0x4)
                0x00000000                ___m_data_20000000_ROMSize = (___m_data_20000000_RAMEnd - ___m_data_20000000_RAMStart)
                0x20000000                . = ALIGN (0x4)

.bss            0x1fff0128     0x1bc8 load address 0x000054a0
                0x1fff0128                __START_BSS = .
                0x1fff0128                PROVIDE (__bss_start__, __START_BSS)
 *(.bss)
 .bss           0x1fff0128       0x1c c:/freescale/kds_3.0.0/toolchain/bin/../lib/gcc/arm-none-eabi/4.8.4/armv7e-m/fpu/crtbegin.o
 *(.bss*)
 .bss.FTMCallback
                0x1fff0144       0x20 ./Sources/FTM.o
 .bss.FTMArguments
                0x1fff0164       0x20 ./Sources/FTM.o
 .bss.PIT_moduleClk
                0x1fff0184        0x4 ./Sources/PIT.o
 .bss.RxFIFO    0x1fff0188      0x114 ./Sources/UART.o
 .bss.TxFIFO    0x1fff029c      0x114 ./Sources/UART.o
 .bss.InitModulesThreadStack
                0x1fff03b0      0x190 ./Sources/main.o
 .bss.AnalogThreadStacks
                0x1fff0540      0x4b0 ./Sources/main.o
 .bss.ReceiveThreadStack
                0x1fff09f0      0x190 ./Sources/main.o
 .bss.TransmitThreadStack
                0x1fff0b80      0x190 ./Sources/main.o
 .bss.PacketThreadStack
                0x1fff0d10      0x190 ./Sources/main.o
 .bss.PIT0ThreadStack
                0x1fff0ea0      0x190 ./Sources/main.o
 .bss.PIT1ThreadStack
                0x1fff1030      0x190 ./Sources/main.o
 .bss.FTM0ThreadStack
                0x1fff11c0      0x190 ./Sources/main.o
 .bss.count.8076
                0x1fff1350        0x1 ./Sources/main.o
 .bss.packet_position
                0x1fff1351        0x1 ./Sources/packet.o
                0x1fff1351                packet_position
 .bss.SR_lock   0x1fff1352        0x1 ./Generated_Code/Cpu.o
                0x1fff1352                SR_lock
 *fill*         0x1fff1353        0x1 
 .bss.TCBUnusedMain
                0x1fff1354       0x18 C:\Users\12195032\Documents\PROJECT\Project\Library\libOS.a(OS.o)
 .bss.TCBTable  0x1fff136c      0x300 C:\Users\12195032\Documents\PROJECT\Project\Library\libOS.a(OS.o)
 .bss.pTCBFreeList
                0x1fff166c        0x4 C:\Users\12195032\Documents\PROJECT\Project\Library\libOS.a(OS.o)
 .bss.pTCBAllocatedList
                0x1fff1670        0x4 C:\Users\12195032\Documents\PROJECT\Project\Library\libOS.a(OS.o)
 .bss.pTCBPriorityTable
                0x1fff1674       0x80 C:\Users\12195032\Documents\PROJECT\Project\Library\libOS.a(OS.o)
 .bss.pTCBRunning
                0x1fff16f4        0x4 C:\Users\12195032\Documents\PROJECT\Project\Library\libOS.a(OS.o)
 .bss.pTCBHighestReady
                0x1fff16f8        0x4 C:\Users\12195032\Documents\PROJECT\Project\Library\libOS.a(OS.o)
 .bss.ReadyList
                0x1fff16fc        0x4 C:\Users\12195032\Documents\PROJECT\Project\Library\libOS.a(OS.o)
 .bss.ECBTable  0x1fff1700      0x100 C:\Users\12195032\Documents\PROJECT\Project\Library\libOS.a(OS.o)
 .bss.NextECBFree
                0x1fff1800        0x1 C:\Users\12195032\Documents\PROJECT\Project\Library\libOS.a(OS.o)
 *fill*         0x1fff1801        0x3 
 .bss.IdleCounter
                0x1fff1804        0x4 C:\Users\12195032\Documents\PROJECT\Project\Library\libOS.a(OS.o)
 .bss.IdleStack
                0x1fff1808      0x400 C:\Users\12195032\Documents\PROJECT\Project\Library\libOS.a(OS.o)
 .bss.Ticks     0x1fff1c08        0x4 C:\Users\12195032\Documents\PROJECT\Project\Library\libOS.a(OS.o)
 .bss.ToggleCntr
                0x1fff1c0c        0x4 C:\Users\12195032\Documents\PROJECT\Project\Library\libOS.a(OS.o)
 .bss.ToggleLED
                0x1fff1c10        0x1 C:\Users\12195032\Documents\PROJECT\Project\Library\libOS.a(OS.o)
 .bss.ISRNestLevel
                0x1fff1c11        0x1 C:\Users\12195032\Documents\PROJECT\Project\Library\libOS.a(OS.o)
 *fill*         0x1fff1c12        0x2 
 .bss.ADCCommandUnion
                0x1fff1c14        0x4 C:\Users\12195032\Documents\PROJECT\Project\Library\libAnalog.a(analog.o)
 *(COMMON)
 COMMON         0x1fff1c18        0x4 ./Sources/FTM.o
                0x1fff1c18                FTM0Semaphore
 COMMON         0x1fff1c1c        0x8 ./Sources/PIT.o
                0x1fff1c1c                PIT1Semaphore
                0x1fff1c20                PIT0Semaphore
 COMMON         0x1fff1c24       0x10 ./Sources/UART.o
                0x1fff1c24                characteristic
                0x1fff1c28                RxSemaphore
                0x1fff1c2c                TxSemaphore
                0x1fff1c30                PacketPutSemaphore
 COMMON         0x1fff1c34       0x14 ./Sources/packet.o
                0x1fff1c34                TowerNumber
                0x1fff1c38                Packet
                0x1fff1c40                TowerMode
                0x1fff1c44                charac
 COMMON         0x1fff1c48        0x1 ./Generated_Code/Cpu.o
                0x1fff1c48                SR_reg
 *fill*         0x1fff1c49        0x3 
 COMMON         0x1fff1c4c       0xa4 C:\Users\12195032\Documents\PROJECT\Project\Library\libAnalog.a(analog.o)
                0x1fff1c4c                Analog_Inputs
                0x1fff1cec                DACInput
                0x1fff1cf0                . = ALIGN (0x4)
                0x1fff1cf0                __END_BSS = .
                0x1fff1cf0                PROVIDE (__bss_end__, __END_BSS)
                0x000054a0                _romp_at = ((___ROM_AT + SIZEOF (.data)) + SIZEOF (.m_data_20000000))

.romp           0x1fff1cf0       0x24 load address 0x000054a0
                0x000054a0                __S_romp = _romp_at
                0x1fff1cf0        0x4 LONG 0x5378 ___ROM_AT
                0x1fff1cf4        0x4 LONG 0x1fff0000 _sdata
                0x1fff1cf8        0x4 LONG 0x128 ___data_size
                0x1fff1cfc        0x4 LONG 0x54a0 ___m_data_20000000_ROMStart
                0x1fff1d00        0x4 LONG 0x20000000 ___m_data_20000000_RAMStart
                0x1fff1d04        0x4 LONG 0x0 ___m_data_20000000_ROMSize
                0x1fff1d08        0x4 LONG 0x0
                0x1fff1d0c        0x4 LONG 0x0
                0x1fff1d10        0x4 LONG 0x0

._user_heap_stack
                0x1fff1d14      0x400 load address 0x000054c4
                0x1fff1d14                . = ALIGN (0x4)
                0x1fff1d14                PROVIDE (end, .)
                0x1fff1d14                PROVIDE (_end, .)
                0x1fff1d14                __heap_addr = .
                0x1fff1d14                __HeapBase = .
                0x1fff1d14                . = (. + __heap_size)
                0x1fff1d14                __HeapLimit = .
                0x1fff2114                . = (. + __stack_size)
 *fill*         0x1fff1d14      0x400 
                0x1fff2114                . = ALIGN (0x4)

.ARM.attributes
                0x00000000       0x30
 *(.ARM.attributes)
 .ARM.attributes
                0x00000000       0x22 c:/freescale/kds_3.0.0/toolchain/bin/../lib/gcc/arm-none-eabi/4.8.4/armv7e-m/fpu/crti.o
 .ARM.attributes
                0x00000022       0x34 c:/freescale/kds_3.0.0/toolchain/bin/../lib/gcc/arm-none-eabi/4.8.4/armv7e-m/fpu/crtbegin.o
 .ARM.attributes
                0x00000056       0x20 c:/freescale/kds_3.0.0/toolchain/bin/../lib/gcc/arm-none-eabi/4.8.4/../../../../arm-none-eabi/lib/armv7e-m/fpu/crt0.o
 .ARM.attributes
                0x00000076       0x39 ./Sources/FIFO.o
 .ARM.attributes
                0x000000af       0x39 ./Sources/FTM.o
 .ARM.attributes
                0x000000e8       0x39 ./Sources/Flash.o
 .ARM.attributes
                0x00000121       0x39 ./Sources/LEDs.o
 .ARM.attributes
                0x0000015a       0x39 ./Sources/PIT.o
 .ARM.attributes
                0x00000193       0x39 ./Sources/UART.o
 .ARM.attributes
                0x000001cc       0x39 ./Sources/main.o
 .ARM.attributes
                0x00000205       0x39 ./Sources/packet.o
 .ARM.attributes
                0x0000023e       0x39 ./Project_Settings/Startup_Code/startup.o
 .ARM.attributes
                0x00000277       0x39 ./Generated_Code/Cpu.o
 .ARM.attributes
                0x000002b0       0x39 ./Generated_Code/Vectors.o
 .ARM.attributes
                0x000002e9       0x39 C:\Users\12195032\Documents\PROJECT\Project\Library\libOS.a(OS.o)
 .ARM.attributes
                0x00000322       0x39 C:\Users\12195032\Documents\PROJECT\Project\Library\libAnalog.a(analog.o)
 .ARM.attributes
                0x0000035b       0x39 C:\Users\12195032\Documents\PROJECT\Project\Library\libAnalog.a(SPI.o)
 .ARM.attributes
                0x00000394       0x34 c:/freescale/kds_3.0.0/toolchain/bin/../lib/gcc/arm-none-eabi/4.8.4/../../../../arm-none-eabi/lib/armv7e-m/fpu\libm.a(lib_a-w_pow.o)
 .ARM.attributes
                0x000003c8       0x34 c:/freescale/kds_3.0.0/toolchain/bin/../lib/gcc/arm-none-eabi/4.8.4/../../../../arm-none-eabi/lib/armv7e-m/fpu\libm.a(lib_a-w_sqrt.o)
 .ARM.attributes
                0x000003fc       0x34 c:/freescale/kds_3.0.0/toolchain/bin/../lib/gcc/arm-none-eabi/4.8.4/../../../../arm-none-eabi/lib/armv7e-m/fpu\libm.a(lib_a-e_pow.o)
 .ARM.attributes
                0x00000430       0x34 c:/freescale/kds_3.0.0/toolchain/bin/../lib/gcc/arm-none-eabi/4.8.4/../../../../arm-none-eabi/lib/armv7e-m/fpu\libm.a(lib_a-e_sqrt.o)
 .ARM.attributes
                0x00000464       0x34 c:/freescale/kds_3.0.0/toolchain/bin/../lib/gcc/arm-none-eabi/4.8.4/../../../../arm-none-eabi/lib/armv7e-m/fpu\libm.a(lib_a-s_fabs.o)
 .ARM.attributes
                0x00000498       0x34 c:/freescale/kds_3.0.0/toolchain/bin/../lib/gcc/arm-none-eabi/4.8.4/../../../../arm-none-eabi/lib/armv7e-m/fpu\libm.a(lib_a-s_finite.o)
 .ARM.attributes
                0x000004cc       0x34 c:/freescale/kds_3.0.0/toolchain/bin/../lib/gcc/arm-none-eabi/4.8.4/../../../../arm-none-eabi/lib/armv7e-m/fpu\libm.a(lib_a-s_fpclassify.o)
 .ARM.attributes
                0x00000500       0x34 c:/freescale/kds_3.0.0/toolchain/bin/../lib/gcc/arm-none-eabi/4.8.4/../../../../arm-none-eabi/lib/armv7e-m/fpu\libm.a(lib_a-s_lib_ver.o)
 .ARM.attributes
                0x00000534       0x34 c:/freescale/kds_3.0.0/toolchain/bin/../lib/gcc/arm-none-eabi/4.8.4/../../../../arm-none-eabi/lib/armv7e-m/fpu\libm.a(lib_a-s_matherr.o)
 .ARM.attributes
                0x00000568       0x34 c:/freescale/kds_3.0.0/toolchain/bin/../lib/gcc/arm-none-eabi/4.8.4/../../../../arm-none-eabi/lib/armv7e-m/fpu\libm.a(lib_a-s_nan.o)
 .ARM.attributes
                0x0000059c       0x34 c:/freescale/kds_3.0.0/toolchain/bin/../lib/gcc/arm-none-eabi/4.8.4/../../../../arm-none-eabi/lib/armv7e-m/fpu\libm.a(lib_a-s_rint.o)
 .ARM.attributes
                0x000005d0       0x34 c:/freescale/kds_3.0.0/toolchain/bin/../lib/gcc/arm-none-eabi/4.8.4/../../../../arm-none-eabi/lib/armv7e-m/fpu\libm.a(lib_a-s_scalbn.o)
 .ARM.attributes
                0x00000604       0x34 c:/freescale/kds_3.0.0/toolchain/bin/../lib/gcc/arm-none-eabi/4.8.4/../../../../arm-none-eabi/lib/armv7e-m/fpu\libm.a(lib_a-s_copysign.o)
 .ARM.attributes
                0x00000638       0x22 c:/freescale/kds_3.0.0/toolchain/bin/../lib/gcc/arm-none-eabi/4.8.4/armv7e-m/fpu\libgcc.a(_arm_addsubdf3.o)
 .ARM.attributes
                0x0000065a       0x22 c:/freescale/kds_3.0.0/toolchain/bin/../lib/gcc/arm-none-eabi/4.8.4/armv7e-m/fpu\libgcc.a(_arm_muldivdf3.o)
 .ARM.attributes
                0x0000067c       0x22 c:/freescale/kds_3.0.0/toolchain/bin/../lib/gcc/arm-none-eabi/4.8.4/armv7e-m/fpu\libgcc.a(_arm_cmpdf2.o)
 .ARM.attributes
                0x0000069e       0x22 c:/freescale/kds_3.0.0/toolchain/bin/../lib/gcc/arm-none-eabi/4.8.4/armv7e-m/fpu\libgcc.a(_arm_fixunsdfsi.o)
 .ARM.attributes
                0x000006c0       0x34 c:/freescale/kds_3.0.0/toolchain/bin/../lib/gcc/arm-none-eabi/4.8.4/../../../../arm-none-eabi/lib/armv7e-m/fpu\libg_s.a(lib_a-errno.o)
 .ARM.attributes
                0x000006f4       0x34 c:/freescale/kds_3.0.0/toolchain/bin/../lib/gcc/arm-none-eabi/4.8.4/../../../../arm-none-eabi/lib/armv7e-m/fpu\libg_s.a(lib_a-exit.o)
 .ARM.attributes
                0x00000728       0x34 c:/freescale/kds_3.0.0/toolchain/bin/../lib/gcc/arm-none-eabi/4.8.4/../../../../arm-none-eabi/lib/armv7e-m/fpu\libg_s.a(lib_a-impure.o)
 .ARM.attributes
                0x0000075c       0x34 c:/freescale/kds_3.0.0/toolchain/bin/../lib/gcc/arm-none-eabi/4.8.4/../../../../arm-none-eabi/lib/armv7e-m/fpu\libg_s.a(lib_a-init.o)
 .ARM.attributes
                0x00000790       0x34 c:/freescale/kds_3.0.0/toolchain/bin/../lib/gcc/arm-none-eabi/4.8.4/../../../../arm-none-eabi/lib/armv7e-m/fpu\libg_s.a(lib_a-memset.o)
 .ARM.attributes
                0x000007c4       0x34 c:/freescale/kds_3.0.0/toolchain/bin/../lib/gcc/arm-none-eabi/4.8.4/../../../../arm-none-eabi/lib/armv7e-m/fpu\libnosys.a(_exit.o)
 .ARM.attributes
                0x000007f8       0x22 c:/freescale/kds_3.0.0/toolchain/bin/../lib/gcc/arm-none-eabi/4.8.4/armv7e-m/fpu/crtn.o
OUTPUT(Project.elf elf32-littlearm)

.debug_info     0x00000000     0x6108
 .debug_info    0x00000000      0x228 ./Sources/FIFO.o
 .debug_info    0x00000228      0x7a1 ./Sources/FTM.o
 .debug_info    0x000009c9      0x755 ./Sources/Flash.o
 .debug_info    0x0000111e      0x490 ./Sources/LEDs.o
 .debug_info    0x000015ae      0x63c ./Sources/PIT.o
 .debug_info    0x00001bea      0xa3a ./Sources/UART.o
 .debug_info    0x00002624      0x7a5 ./Sources/main.o
 .debug_info    0x00002dc9      0x4eb ./Sources/packet.o
 .debug_info    0x000032b4      0x3b0 ./Project_Settings/Startup_Code/startup.o
 .debug_info    0x00003664      0xc82 ./Generated_Code/Cpu.o
 .debug_info    0x000042e6      0x156 ./Generated_Code/Vectors.o
 .debug_info    0x0000443c      0xd02 C:\Users\12195032\Documents\PROJECT\Project\Library\libOS.a(OS.o)
 .debug_info    0x0000513e      0x56a C:\Users\12195032\Documents\PROJECT\Project\Library\libAnalog.a(analog.o)
 .debug_info    0x000056a8      0xa60 C:\Users\12195032\Documents\PROJECT\Project\Library\libAnalog.a(SPI.o)

.debug_abbrev   0x00000000     0x16bf
 .debug_abbrev  0x00000000       0xd5 ./Sources/FIFO.o
 .debug_abbrev  0x000000d5      0x1cf ./Sources/FTM.o
 .debug_abbrev  0x000002a4      0x1d5 ./Sources/Flash.o
 .debug_abbrev  0x00000479      0x144 ./Sources/LEDs.o
 .debug_abbrev  0x000005bd      0x186 ./Sources/PIT.o
 .debug_abbrev  0x00000743      0x1f7 ./Sources/UART.o
 .debug_abbrev  0x0000093a      0x20e ./Sources/main.o
 .debug_abbrev  0x00000b48      0x18f ./Sources/packet.o
 .debug_abbrev  0x00000cd7      0x189 ./Project_Settings/Startup_Code/startup.o
 .debug_abbrev  0x00000e60      0x185 ./Generated_Code/Cpu.o
 .debug_abbrev  0x00000fe5       0xb3 ./Generated_Code/Vectors.o
 .debug_abbrev  0x00001098      0x2f8 C:\Users\12195032\Documents\PROJECT\Project\Library\libOS.a(OS.o)
 .debug_abbrev  0x00001390      0x15a C:\Users\12195032\Documents\PROJECT\Project\Library\libAnalog.a(analog.o)
 .debug_abbrev  0x000014ea      0x1d5 C:\Users\12195032\Documents\PROJECT\Project\Library\libAnalog.a(SPI.o)

.debug_aranges  0x00000000      0x448
 .debug_aranges
                0x00000000       0x30 ./Sources/FIFO.o
 .debug_aranges
                0x00000030       0x38 ./Sources/FTM.o
 .debug_aranges
                0x00000068       0x68 ./Sources/Flash.o
 .debug_aranges
                0x000000d0       0x38 ./Sources/LEDs.o
 .debug_aranges
                0x00000108       0x50 ./Sources/PIT.o
 .debug_aranges
                0x00000158       0x48 ./Sources/UART.o
 .debug_aranges
                0x000001a0       0x68 ./Sources/main.o
 .debug_aranges
                0x00000208       0x48 ./Sources/packet.o
 .debug_aranges
                0x00000250       0x50 ./Project_Settings/Startup_Code/startup.o
 .debug_aranges
                0x000002a0       0x38 ./Generated_Code/Cpu.o
 .debug_aranges
                0x000002d8       0x18 ./Generated_Code/Vectors.o
 .debug_aranges
                0x000002f0       0xc8 C:\Users\12195032\Documents\PROJECT\Project\Library\libOS.a(OS.o)
 .debug_aranges
                0x000003b8       0x38 C:\Users\12195032\Documents\PROJECT\Project\Library\libAnalog.a(analog.o)
 .debug_aranges
                0x000003f0       0x58 C:\Users\12195032\Documents\PROJECT\Project\Library\libAnalog.a(SPI.o)

.debug_ranges   0x00000000      0x378
 .debug_ranges  0x00000000       0x20 ./Sources/FIFO.o
 .debug_ranges  0x00000020       0x28 ./Sources/FTM.o
 .debug_ranges  0x00000048       0x58 ./Sources/Flash.o
 .debug_ranges  0x000000a0       0x28 ./Sources/LEDs.o
 .debug_ranges  0x000000c8       0x40 ./Sources/PIT.o
 .debug_ranges  0x00000108       0x38 ./Sources/UART.o
 .debug_ranges  0x00000140       0x70 ./Sources/main.o
 .debug_ranges  0x000001b0       0x38 ./Sources/packet.o
 .debug_ranges  0x000001e8       0x40 ./Project_Settings/Startup_Code/startup.o
 .debug_ranges  0x00000228       0x28 ./Generated_Code/Cpu.o
 .debug_ranges  0x00000250       0xb8 C:\Users\12195032\Documents\PROJECT\Project\Library\libOS.a(OS.o)
 .debug_ranges  0x00000308       0x28 C:\Users\12195032\Documents\PROJECT\Project\Library\libAnalog.a(analog.o)
 .debug_ranges  0x00000330       0x48 C:\Users\12195032\Documents\PROJECT\Project\Library\libAnalog.a(SPI.o)

.debug_macro    0x00000000    0x1c20c
 .debug_macro   0x00000000       0xaf ./Sources/FIFO.o
 .debug_macro   0x000000af       0x22 ./Sources/FIFO.o
 .debug_macro   0x000000d1       0x36 ./Sources/FIFO.o
 .debug_macro   0x00000107     0x181c ./Sources/FIFO.o
 .debug_macro   0x00001923       0x87 ./Sources/FTM.o
 .debug_macro   0x000019aa      0x121 ./Sources/Flash.o
 .debug_macro   0x00001acb       0x2e ./Sources/Flash.o
 .debug_macro   0x00001af9       0x58 ./Sources/Flash.o
 .debug_macro   0x00001b51       0x35 ./Sources/Flash.o
 .debug_macro   0x00001b86       0xa3 ./Sources/Flash.o
 .debug_macro   0x00001c29      0x166 ./Sources/Flash.o
 .debug_macro   0x00001d8f       0x52 ./Sources/Flash.o
 .debug_macro   0x00001de1       0x16 ./Sources/Flash.o
 .debug_macro   0x00001df7       0x43 ./Sources/Flash.o
 .debug_macro   0x00001e3a      0x180 ./Sources/Flash.o
 .debug_macro   0x00001fba      0x2a6 ./Sources/Flash.o
 .debug_macro   0x00002260       0x10 ./Sources/Flash.o
 .debug_macro   0x00002270       0x35 ./Sources/Flash.o
 .debug_macro   0x000022a5       0x68 ./Sources/LEDs.o
 .debug_macro   0x0000230d       0x7b ./Sources/PIT.o
 .debug_macro   0x00002388       0xc2 ./Sources/UART.o
 .debug_macro   0x0000244a       0xed ./Sources/UART.o
 .debug_macro   0x00002537      0x262 ./Sources/main.o
 .debug_macro   0x00002799       0x30 ./Sources/main.o
 .debug_macro   0x000027c9       0x16 ./Sources/main.o
 .debug_macro   0x000027df       0x1c ./Sources/main.o
 .debug_macro   0x000027fb       0x10 ./Sources/main.o
 .debug_macro   0x0000280b       0x10 ./Sources/main.o
 .debug_macro   0x0000281b       0x22 ./Sources/main.o
 .debug_macro   0x0000283d       0xbd ./Sources/main.o
 .debug_macro   0x000028fa       0x16 ./Sources/main.o
 .debug_macro   0x00002910      0x14a ./Sources/main.o
 .debug_macro   0x00002a5a       0xde ./Sources/main.o
 .debug_macro   0x00002b38       0xcf ./Sources/packet.o
 .debug_macro   0x00002c07       0xe7 ./Sources/packet.o
 .debug_macro   0x00002cee      0x121 ./Project_Settings/Startup_Code/startup.o
 .debug_macro   0x00002e0f       0x4a ./Project_Settings/Startup_Code/startup.o
 .debug_macro   0x00002e59       0x16 ./Project_Settings/Startup_Code/startup.o
 .debug_macro   0x00002e6f       0x22 ./Project_Settings/Startup_Code/startup.o
 .debug_macro   0x00002e91       0x16 ./Project_Settings/Startup_Code/startup.o
 .debug_macro   0x00002ea7      0x20f ./Project_Settings/Startup_Code/startup.o
 .debug_macro   0x000030b6    0x174af ./Project_Settings/Startup_Code/startup.o
 .debug_macro   0x0001a565       0x84 ./Generated_Code/Cpu.o
 .debug_macro   0x0001a5e9       0xa0 ./Generated_Code/Cpu.o
 .debug_macro   0x0001a689       0xdf ./Generated_Code/Vectors.o
 .debug_macro   0x0001a768       0xa3 C:\Users\12195032\Documents\PROJECT\Project\Library\libOS.a(OS.o)
 .debug_macro   0x0001a80b     0x17fa C:\Users\12195032\Documents\PROJECT\Project\Library\libOS.a(OS.o)
 .debug_macro   0x0001c005       0x94 C:\Users\12195032\Documents\PROJECT\Project\Library\libOS.a(OS.o)
 .debug_macro   0x0001c099       0xf5 C:\Users\12195032\Documents\PROJECT\Project\Library\libAnalog.a(analog.o)
 .debug_macro   0x0001c18e       0x16 C:\Users\12195032\Documents\PROJECT\Project\Library\libAnalog.a(analog.o)
 .debug_macro   0x0001c1a4       0x68 C:\Users\12195032\Documents\PROJECT\Project\Library\libAnalog.a(SPI.o)

.debug_line     0x00000000     0x2dc8
 .debug_line    0x00000000      0x2db ./Sources/FIFO.o
 .debug_line    0x000002db      0x2a5 ./Sources/FTM.o
 .debug_line    0x00000580      0x3d1 ./Sources/Flash.o
 .debug_line    0x00000951      0x220 ./Sources/LEDs.o
 .debug_line    0x00000b71      0x2b5 ./Sources/PIT.o
 .debug_line    0x00000e26      0x35f ./Sources/UART.o
 .debug_line    0x00001185      0x594 ./Sources/main.o
 .debug_line    0x00001719      0x3c1 ./Sources/packet.o
 .debug_line    0x00001ada      0x3d8 ./Project_Settings/Startup_Code/startup.o
 .debug_line    0x00001eb2      0x27d ./Generated_Code/Cpu.o
 .debug_line    0x0000212f      0x318 ./Generated_Code/Vectors.o
 .debug_line    0x00002447      0x496 C:\Users\12195032\Documents\PROJECT\Project\Library\libOS.a(OS.o)
 .debug_line    0x000028dd      0x218 C:\Users\12195032\Documents\PROJECT\Project\Library\libAnalog.a(analog.o)
 .debug_line    0x00002af5      0x2d3 C:\Users\12195032\Documents\PROJECT\Project\Library\libAnalog.a(SPI.o)

.debug_str      0x00000000    0x90063
 .debug_str     0x00000000    0x8a70b ./Sources/FIFO.o
                              0x8a889 (size before relaxing)
 .debug_str     0x0008a70b      0x3f0 ./Sources/FTM.o
                              0x8323f (size before relaxing)
 .debug_str     0x0008aafb     0x277d ./Sources/Flash.o
                              0x85636 (size before relaxing)
 .debug_str     0x0008d278       0xe1 ./Sources/LEDs.o
                              0x82eee (size before relaxing)
 .debug_str     0x0008d359       0xeb ./Sources/PIT.o
                              0x8306b (size before relaxing)
 .debug_str     0x0008d444      0x5aa ./Sources/UART.o
                              0x8af85 (size before relaxing)
 .debug_str     0x0008d9ee     0x1453 ./Sources/main.o
                              0x8e8ab (size before relaxing)
 .debug_str     0x0008ee41      0x12d ./Sources/packet.o
                              0x8af33 (size before relaxing)
 .debug_str     0x0008ef6e      0x212 ./Project_Settings/Startup_Code/startup.o
                              0x853f2 (size before relaxing)
 .debug_str     0x0008f180      0x20b ./Generated_Code/Cpu.o
                              0x8aa9e (size before relaxing)
 .debug_str     0x0008f38b       0x1c ./Generated_Code/Vectors.o
                              0x8a846 (size before relaxing)
 .debug_str     0x0008f3a7      0x3b8 C:\Users\12195032\Documents\PROJECT\Project\Library\libOS.a(OS.o)
                              0x8ad2a (size before relaxing)
 .debug_str     0x0008f75f      0x5af C:\Users\12195032\Documents\PROJECT\Project\Library\libAnalog.a(analog.o)
                               0x38d5 (size before relaxing)
 .debug_str     0x0008fd0e      0x355 C:\Users\12195032\Documents\PROJECT\Project\Library\libAnalog.a(SPI.o)
                              0x83389 (size before relaxing)

.comment        0x00000000       0x70
 .comment       0x00000000       0x70 ./Sources/FIFO.o
                                 0x71 (size before relaxing)
 .comment       0x00000000       0x71 ./Sources/FTM.o
 .comment       0x00000000       0x71 ./Sources/Flash.o
 .comment       0x00000000       0x71 ./Sources/LEDs.o
 .comment       0x00000000       0x71 ./Sources/PIT.o
 .comment       0x00000000       0x71 ./Sources/UART.o
 .comment       0x00000000       0x71 ./Sources/main.o
 .comment       0x00000000       0x71 ./Sources/packet.o
 .comment       0x00000000       0x71 ./Project_Settings/Startup_Code/startup.o
 .comment       0x00000000       0x71 ./Generated_Code/Cpu.o
 .comment       0x00000000       0x71 ./Generated_Code/Vectors.o
 .comment       0x00000000       0x71 C:\Users\12195032\Documents\PROJECT\Project\Library\libOS.a(OS.o)
 .comment       0x00000000       0x71 C:\Users\12195032\Documents\PROJECT\Project\Library\libAnalog.a(analog.o)
 .comment       0x00000000       0x71 C:\Users\12195032\Documents\PROJECT\Project\Library\libAnalog.a(SPI.o)

.debug_frame    0x00000000      0xed4
 .debug_frame   0x00000000       0x70 ./Sources/FIFO.o
 .debug_frame   0x00000070       0x88 ./Sources/FTM.o
 .debug_frame   0x000000f8      0x138 ./Sources/Flash.o
 .debug_frame   0x00000230       0x7c ./Sources/LEDs.o
 .debug_frame   0x000002ac       0xf0 ./Sources/PIT.o
 .debug_frame   0x0000039c       0xd4 ./Sources/UART.o
 .debug_frame   0x00000470      0x150 ./Sources/main.o
 .debug_frame   0x000005c0       0xcc ./Sources/packet.o
 .debug_frame   0x0000068c       0xc0 ./Project_Settings/Startup_Code/startup.o
 .debug_frame   0x0000074c       0x80 ./Generated_Code/Cpu.o
 .debug_frame   0x000007cc      0x2a0 C:\Users\12195032\Documents\PROJECT\Project\Library\libOS.a(OS.o)
 .debug_frame   0x00000a6c       0x90 C:\Users\12195032\Documents\PROJECT\Project\Library\libAnalog.a(analog.o)
 .debug_frame   0x00000afc      0x100 C:\Users\12195032\Documents\PROJECT\Project\Library\libAnalog.a(SPI.o)
 .debug_frame   0x00000bfc       0x40 c:/freescale/kds_3.0.0/toolchain/bin/../lib/gcc/arm-none-eabi/4.8.4/../../../../arm-none-eabi/lib/armv7e-m/fpu\libm.a(lib_a-w_pow.o)
 .debug_frame   0x00000c3c       0x38 c:/freescale/kds_3.0.0/toolchain/bin/../lib/gcc/arm-none-eabi/4.8.4/../../../../arm-none-eabi/lib/armv7e-m/fpu\libm.a(lib_a-w_sqrt.o)
 .debug_frame   0x00000c74       0x44 c:/freescale/kds_3.0.0/toolchain/bin/../lib/gcc/arm-none-eabi/4.8.4/../../../../arm-none-eabi/lib/armv7e-m/fpu\libm.a(lib_a-e_pow.o)
 .debug_frame   0x00000cb8       0x3c c:/freescale/kds_3.0.0/toolchain/bin/../lib/gcc/arm-none-eabi/4.8.4/../../../../arm-none-eabi/lib/armv7e-m/fpu\libm.a(lib_a-e_sqrt.o)
 .debug_frame   0x00000cf4       0x20 c:/freescale/kds_3.0.0/toolchain/bin/../lib/gcc/arm-none-eabi/4.8.4/../../../../arm-none-eabi/lib/armv7e-m/fpu\libm.a(lib_a-s_fabs.o)
 .debug_frame   0x00000d14       0x20 c:/freescale/kds_3.0.0/toolchain/bin/../lib/gcc/arm-none-eabi/4.8.4/../../../../arm-none-eabi/lib/armv7e-m/fpu\libm.a(lib_a-s_finite.o)
 .debug_frame   0x00000d34       0x28 c:/freescale/kds_3.0.0/toolchain/bin/../lib/gcc/arm-none-eabi/4.8.4/../../../../arm-none-eabi/lib/armv7e-m/fpu\libm.a(lib_a-s_fpclassify.o)
 .debug_frame   0x00000d5c       0x20 c:/freescale/kds_3.0.0/toolchain/bin/../lib/gcc/arm-none-eabi/4.8.4/../../../../arm-none-eabi/lib/armv7e-m/fpu\libm.a(lib_a-s_matherr.o)
 .debug_frame   0x00000d7c       0x20 c:/freescale/kds_3.0.0/toolchain/bin/../lib/gcc/arm-none-eabi/4.8.4/../../../../arm-none-eabi/lib/armv7e-m/fpu\libm.a(lib_a-s_nan.o)
 .debug_frame   0x00000d9c       0x30 c:/freescale/kds_3.0.0/toolchain/bin/../lib/gcc/arm-none-eabi/4.8.4/../../../../arm-none-eabi/lib/armv7e-m/fpu\libm.a(lib_a-s_rint.o)
 .debug_frame   0x00000dcc       0x2c c:/freescale/kds_3.0.0/toolchain/bin/../lib/gcc/arm-none-eabi/4.8.4/../../../../arm-none-eabi/lib/armv7e-m/fpu\libm.a(lib_a-s_scalbn.o)
 .debug_frame   0x00000df8       0x28 c:/freescale/kds_3.0.0/toolchain/bin/../lib/gcc/arm-none-eabi/4.8.4/../../../../arm-none-eabi/lib/armv7e-m/fpu\libm.a(lib_a-s_copysign.o)
 .debug_frame   0x00000e20       0x20 c:/freescale/kds_3.0.0/toolchain/bin/../lib/gcc/arm-none-eabi/4.8.4/../../../../arm-none-eabi/lib/armv7e-m/fpu\libg_s.a(lib_a-errno.o)
 .debug_frame   0x00000e40       0x28 c:/freescale/kds_3.0.0/toolchain/bin/../lib/gcc/arm-none-eabi/4.8.4/../../../../arm-none-eabi/lib/armv7e-m/fpu\libg_s.a(lib_a-exit.o)
 .debug_frame   0x00000e68       0x2c c:/freescale/kds_3.0.0/toolchain/bin/../lib/gcc/arm-none-eabi/4.8.4/../../../../arm-none-eabi/lib/armv7e-m/fpu\libg_s.a(lib_a-init.o)
 .debug_frame   0x00000e94       0x20 c:/freescale/kds_3.0.0/toolchain/bin/../lib/gcc/arm-none-eabi/4.8.4/../../../../arm-none-eabi/lib/armv7e-m/fpu\libg_s.a(lib_a-memset.o)
 .debug_frame   0x00000eb4       0x20 c:/freescale/kds_3.0.0/toolchain/bin/../lib/gcc/arm-none-eabi/4.8.4/../../../../arm-none-eabi/lib/armv7e-m/fpu\libnosys.a(_exit.o)
