Archive member included because of file (symbol)

C:\Users\12195032\Documents\PROJECT\Project\Library\libOS.a(OS.o)
                              ./Sources/main.o (OS_Init)
C:\Users\12195032\Documents\PROJECT\Project\Library\libAnalog.a(analog.o)
                              ./Sources/main.o (Analog_Init)
C:\Users\12195032\Documents\PROJECT\Project\Library\libAnalog.a(SPI.o)
                              C:\Users\12195032\Documents\PROJECT\Project\Library\libAnalog.a(analog.o) (SPI_Init)
c:/freescale/kds_3.0.0/toolchain/bin/../lib/gcc/arm-none-eabi/4.8.4/armv7e-m/fpu\libgcc.a(_arm_addsubdf3.o)
                              ./Sources/PIT.o (__aeabi_ui2d)
c:/freescale/kds_3.0.0/toolchain/bin/../lib/gcc/arm-none-eabi/4.8.4/armv7e-m/fpu\libgcc.a(_arm_muldivdf3.o)
                              ./Sources/PIT.o (__aeabi_ddiv)
c:/freescale/kds_3.0.0/toolchain/bin/../lib/gcc/arm-none-eabi/4.8.4/armv7e-m/fpu\libgcc.a(_arm_fixunsdfsi.o)
                              ./Sources/PIT.o (__aeabi_d2uiz)
c:/freescale/kds_3.0.0/toolchain/bin/../lib/gcc/arm-none-eabi/4.8.4/../../../../arm-none-eabi/lib/armv7e-m/fpu\libg_s.a(lib_a-exit.o)
                              c:/freescale/kds_3.0.0/toolchain/bin/../lib/gcc/arm-none-eabi/4.8.4/../../../../arm-none-eabi/lib/armv7e-m/fpu/crt0.o (exit)
c:/freescale/kds_3.0.0/toolchain/bin/../lib/gcc/arm-none-eabi/4.8.4/../../../../arm-none-eabi/lib/armv7e-m/fpu\libg_s.a(lib_a-impure.o)
                              c:/freescale/kds_3.0.0/toolchain/bin/../lib/gcc/arm-none-eabi/4.8.4/../../../../arm-none-eabi/lib/armv7e-m/fpu\libg_s.a(lib_a-exit.o) (_global_impure_ptr)
c:/freescale/kds_3.0.0/toolchain/bin/../lib/gcc/arm-none-eabi/4.8.4/../../../../arm-none-eabi/lib/armv7e-m/fpu\libg_s.a(lib_a-init.o)
                              c:/freescale/kds_3.0.0/toolchain/bin/../lib/gcc/arm-none-eabi/4.8.4/../../../../arm-none-eabi/lib/armv7e-m/fpu/crt0.o (__libc_init_array)
c:/freescale/kds_3.0.0/toolchain/bin/../lib/gcc/arm-none-eabi/4.8.4/../../../../arm-none-eabi/lib/armv7e-m/fpu\libg_s.a(lib_a-memset.o)
                              c:/freescale/kds_3.0.0/toolchain/bin/../lib/gcc/arm-none-eabi/4.8.4/../../../../arm-none-eabi/lib/armv7e-m/fpu/crt0.o (memset)
c:/freescale/kds_3.0.0/toolchain/bin/../lib/gcc/arm-none-eabi/4.8.4/../../../../arm-none-eabi/lib/armv7e-m/fpu\libnosys.a(_exit.o)
                              c:/freescale/kds_3.0.0/toolchain/bin/../lib/gcc/arm-none-eabi/4.8.4/../../../../arm-none-eabi/lib/armv7e-m/fpu\libg_s.a(lib_a-exit.o) (_exit)

Allocating common symbols
Common symbol       size              file

RxSemaphore         0x4               ./Sources/UART.o
TowerNumber         0x4               ./Sources/packet.o
TxSemaphore         0x4               ./Sources/UART.o
Packet              0x5               ./Sources/packet.o
PITSemaphore        0x4               ./Sources/PIT.o
Analog_Inputs       0xa0              C:\Users\12195032\Documents\PROJECT\Project\Library\libAnalog.a(analog.o)
SR_reg              0x1               ./Generated_Code/Cpu.o
TowerMode           0x4               ./Sources/packet.o
DACInput            0x4               C:\Users\12195032\Documents\PROJECT\Project\Library\libAnalog.a(analog.o)
PacketPutSemaphore  0x4               ./Sources/UART.o

Discarded input sections

 .text          0x00000000        0x0 c:/freescale/kds_3.0.0/toolchain/bin/../lib/gcc/arm-none-eabi/4.8.4/armv7e-m/fpu/crti.o
 .data          0x00000000        0x0 c:/freescale/kds_3.0.0/toolchain/bin/../lib/gcc/arm-none-eabi/4.8.4/armv7e-m/fpu/crti.o
 .bss           0x00000000        0x0 c:/freescale/kds_3.0.0/toolchain/bin/../lib/gcc/arm-none-eabi/4.8.4/armv7e-m/fpu/crti.o
 .data          0x00000000        0x4 c:/freescale/kds_3.0.0/toolchain/bin/../lib/gcc/arm-none-eabi/4.8.4/armv7e-m/fpu/crtbegin.o
 .data          0x00000000        0x0 c:/freescale/kds_3.0.0/toolchain/bin/../lib/gcc/arm-none-eabi/4.8.4/../../../../arm-none-eabi/lib/armv7e-m/fpu/crt0.o
 .bss           0x00000000        0x0 c:/freescale/kds_3.0.0/toolchain/bin/../lib/gcc/arm-none-eabi/4.8.4/../../../../arm-none-eabi/lib/armv7e-m/fpu/crt0.o
 .ARM.extab     0x00000000        0x0 c:/freescale/kds_3.0.0/toolchain/bin/../lib/gcc/arm-none-eabi/4.8.4/../../../../arm-none-eabi/lib/armv7e-m/fpu/crt0.o
 .group         0x00000000        0x8 ./Sources/Events.o
 .group         0x00000000        0x8 ./Sources/Events.o
 .group         0x00000000        0x8 ./Sources/Events.o
 .group         0x00000000        0x8 ./Sources/Events.o
 .group         0x00000000        0x8 ./Sources/Events.o
 .group         0x00000000        0x8 ./Sources/Events.o
 .group         0x00000000        0x8 ./Sources/Events.o
 .group         0x00000000        0x8 ./Sources/Events.o
 .group         0x00000000        0x8 ./Sources/Events.o
 .text          0x00000000        0x0 ./Sources/Events.o
 .data          0x00000000        0x0 ./Sources/Events.o
 .bss           0x00000000        0x0 ./Sources/Events.o
 .debug_info    0x00000000       0x7d ./Sources/Events.o
 .debug_abbrev  0x00000000       0x29 ./Sources/Events.o
 .debug_aranges
                0x00000000       0x18 ./Sources/Events.o
 .debug_macro   0x00000000       0x9f ./Sources/Events.o
 .debug_macro   0x00000000      0x850 ./Sources/Events.o
 .debug_macro   0x00000000       0x16 ./Sources/Events.o
 .debug_macro   0x00000000       0x44 ./Sources/Events.o
 .debug_macro   0x00000000      0x209 ./Sources/Events.o
 .debug_macro   0x00000000     0x1816 ./Sources/Events.o
 .debug_macro   0x00000000      0x14e ./Sources/Events.o
 .debug_macro   0x00000000       0x64 ./Sources/Events.o
 .debug_macro   0x00000000    0x174c1 ./Sources/Events.o
 .debug_macro   0x00000000       0x9a ./Sources/Events.o
 .debug_line    0x00000000      0x236 ./Sources/Events.o
 .debug_str     0x00000000    0x8a675 ./Sources/Events.o
 .comment       0x00000000       0x71 ./Sources/Events.o
 .ARM.attributes
                0x00000000       0x39 ./Sources/Events.o
 .group         0x00000000        0x8 ./Sources/FIFO.o
 .group         0x00000000        0x8 ./Sources/FIFO.o
 .group         0x00000000        0x8 ./Sources/FIFO.o
 .group         0x00000000        0x8 ./Sources/FIFO.o
 .group         0x00000000        0x8 ./Sources/FIFO.o
 .group         0x00000000        0x8 ./Sources/FIFO.o
 .group         0x00000000        0x8 ./Sources/FIFO.o
 .group         0x00000000        0x8 ./Sources/FIFO.o
 .group         0x00000000        0x8 ./Sources/FIFO.o
 .group         0x00000000        0x8 ./Sources/FIFO.o
 .group         0x00000000        0x8 ./Sources/FIFO.o
 .text          0x00000000        0x0 ./Sources/FIFO.o
 .data          0x00000000        0x0 ./Sources/FIFO.o
 .bss           0x00000000        0x0 ./Sources/FIFO.o
 .debug_macro   0x00000000      0x850 ./Sources/FIFO.o
 .debug_macro   0x00000000       0x16 ./Sources/FIFO.o
 .debug_macro   0x00000000       0x44 ./Sources/FIFO.o
 .debug_macro   0x00000000      0x209 ./Sources/FIFO.o
 .debug_macro   0x00000000      0x14e ./Sources/FIFO.o
 .debug_macro   0x00000000       0x64 ./Sources/FIFO.o
 .debug_macro   0x00000000    0x174c1 ./Sources/FIFO.o
 .debug_macro   0x00000000       0x9a ./Sources/FIFO.o
 .group         0x00000000        0x8 ./Sources/Flash.o
 .group         0x00000000        0x8 ./Sources/Flash.o
 .group         0x00000000        0x8 ./Sources/Flash.o
 .group         0x00000000        0x8 ./Sources/Flash.o
 .group         0x00000000        0x8 ./Sources/Flash.o
 .group         0x00000000        0x8 ./Sources/Flash.o
 .group         0x00000000        0x8 ./Sources/Flash.o
 .group         0x00000000        0x8 ./Sources/Flash.o
 .group         0x00000000        0x8 ./Sources/Flash.o
 .group         0x00000000        0x8 ./Sources/Flash.o
 .group         0x00000000        0x8 ./Sources/Flash.o
 .group         0x00000000        0x8 ./Sources/Flash.o
 .group         0x00000000        0x8 ./Sources/Flash.o
 .group         0x00000000        0x8 ./Sources/Flash.o
 .group         0x00000000        0x8 ./Sources/Flash.o
 .group         0x00000000        0x8 ./Sources/Flash.o
 .group         0x00000000        0x8 ./Sources/Flash.o
 .group         0x00000000        0x8 ./Sources/Flash.o
 .text          0x00000000        0x0 ./Sources/Flash.o
 .data          0x00000000        0x0 ./Sources/Flash.o
 .bss           0x00000000        0x0 ./Sources/Flash.o
 .text.Flash_Write32
                0x00000000       0x64 ./Sources/Flash.o
 .debug_macro   0x00000000      0x850 ./Sources/Flash.o
 .debug_macro   0x00000000       0x16 ./Sources/Flash.o
 .debug_macro   0x00000000       0x44 ./Sources/Flash.o
 .debug_macro   0x00000000      0x209 ./Sources/Flash.o
 .debug_macro   0x00000000       0x22 ./Sources/Flash.o
 .debug_macro   0x00000000    0x174c1 ./Sources/Flash.o
 .group         0x00000000        0x8 ./Sources/LEDs.o
 .group         0x00000000        0x8 ./Sources/LEDs.o
 .group         0x00000000        0x8 ./Sources/LEDs.o
 .group         0x00000000        0x8 ./Sources/LEDs.o
 .group         0x00000000        0x8 ./Sources/LEDs.o
 .group         0x00000000        0x8 ./Sources/LEDs.o
 .text          0x00000000        0x0 ./Sources/LEDs.o
 .data          0x00000000        0x0 ./Sources/LEDs.o
 .bss           0x00000000        0x0 ./Sources/LEDs.o
 .text.LEDs_Off
                0x00000000       0x1c ./Sources/LEDs.o
 .debug_macro   0x00000000      0x850 ./Sources/LEDs.o
 .debug_macro   0x00000000       0x16 ./Sources/LEDs.o
 .debug_macro   0x00000000       0x44 ./Sources/LEDs.o
 .debug_macro   0x00000000      0x209 ./Sources/LEDs.o
 .debug_macro   0x00000000       0x22 ./Sources/LEDs.o
 .debug_macro   0x00000000    0x174c1 ./Sources/LEDs.o
 .group         0x00000000        0x8 ./Sources/PIT.o
 .group         0x00000000        0x8 ./Sources/PIT.o
 .group         0x00000000        0x8 ./Sources/PIT.o
 .group         0x00000000        0x8 ./Sources/PIT.o
 .group         0x00000000        0x8 ./Sources/PIT.o
 .group         0x00000000        0x8 ./Sources/PIT.o
 .group         0x00000000        0x8 ./Sources/PIT.o
 .text          0x00000000        0x0 ./Sources/PIT.o
 .data          0x00000000        0x0 ./Sources/PIT.o
 .bss           0x00000000        0x0 ./Sources/PIT.o
 .debug_macro   0x00000000      0x850 ./Sources/PIT.o
 .debug_macro   0x00000000       0x16 ./Sources/PIT.o
 .debug_macro   0x00000000       0x44 ./Sources/PIT.o
 .debug_macro   0x00000000      0x209 ./Sources/PIT.o
 .debug_macro   0x00000000       0x22 ./Sources/PIT.o
 .debug_macro   0x00000000       0x36 ./Sources/PIT.o
 .debug_macro   0x00000000    0x174c1 ./Sources/PIT.o
 .group         0x00000000        0x8 ./Sources/UART.o
 .group         0x00000000        0x8 ./Sources/UART.o
 .group         0x00000000        0x8 ./Sources/UART.o
 .group         0x00000000        0x8 ./Sources/UART.o
 .group         0x00000000        0x8 ./Sources/UART.o
 .group         0x00000000        0x8 ./Sources/UART.o
 .group         0x00000000        0x8 ./Sources/UART.o
 .group         0x00000000        0x8 ./Sources/UART.o
 .group         0x00000000        0x8 ./Sources/UART.o
 .group         0x00000000        0x8 ./Sources/UART.o
 .group         0x00000000        0x8 ./Sources/UART.o
 .group         0x00000000        0x8 ./Sources/UART.o
 .text          0x00000000        0x0 ./Sources/UART.o
 .data          0x00000000        0x0 ./Sources/UART.o
 .bss           0x00000000        0x0 ./Sources/UART.o
 .bss.txData.6671
                0x00000000        0x1 ./Sources/UART.o
 .debug_macro   0x00000000      0x850 ./Sources/UART.o
 .debug_macro   0x00000000       0x16 ./Sources/UART.o
 .debug_macro   0x00000000       0x44 ./Sources/UART.o
 .debug_macro   0x00000000      0x209 ./Sources/UART.o
 .debug_macro   0x00000000       0x22 ./Sources/UART.o
 .debug_macro   0x00000000       0x36 ./Sources/UART.o
 .debug_macro   0x00000000    0x174c1 ./Sources/UART.o
 .debug_macro   0x00000000     0x181c ./Sources/UART.o
 .debug_macro   0x00000000      0x14e ./Sources/UART.o
 .debug_macro   0x00000000       0x64 ./Sources/UART.o
 .debug_macro   0x00000000       0x9a ./Sources/UART.o
 .group         0x00000000        0x8 ./Sources/main.o
 .group         0x00000000        0x8 ./Sources/main.o
 .group         0x00000000        0x8 ./Sources/main.o
 .group         0x00000000        0x8 ./Sources/main.o
 .group         0x00000000        0x8 ./Sources/main.o
 .group         0x00000000        0x8 ./Sources/main.o
 .group         0x00000000        0x8 ./Sources/main.o
 .group         0x00000000        0x8 ./Sources/main.o
 .group         0x00000000        0x8 ./Sources/main.o
 .group         0x00000000        0x8 ./Sources/main.o
 .group         0x00000000        0x8 ./Sources/main.o
 .group         0x00000000        0x8 ./Sources/main.o
 .group         0x00000000        0x8 ./Sources/main.o
 .group         0x00000000        0x8 ./Sources/main.o
 .group         0x00000000        0x8 ./Sources/main.o
 .group         0x00000000        0x8 ./Sources/main.o
 .group         0x00000000        0x8 ./Sources/main.o
 .group         0x00000000        0x8 ./Sources/main.o
 .group         0x00000000        0x8 ./Sources/main.o
 .group         0x00000000        0x8 ./Sources/main.o
 .group         0x00000000        0x8 ./Sources/main.o
 .group         0x00000000        0x8 ./Sources/main.o
 .group         0x00000000        0x8 ./Sources/main.o
 .group         0x00000000        0x8 ./Sources/main.o
 .group         0x00000000        0x8 ./Sources/main.o
 .text          0x00000000        0x0 ./Sources/main.o
 .data          0x00000000        0x0 ./Sources/main.o
 .bss           0x00000000        0x0 ./Sources/main.o
 .bss.InitThreadStack
                0x00000000      0x190 ./Sources/main.o
 .rodata.BAUD_RATE
                0x00000000        0x4 ./Sources/main.o
 .rodata.MODULE_CLOCK
                0x00000000        0x4 ./Sources/main.o
 .debug_macro   0x00000000      0x850 ./Sources/main.o
 .debug_macro   0x00000000       0x16 ./Sources/main.o
 .debug_macro   0x00000000       0x44 ./Sources/main.o
 .debug_macro   0x00000000      0x209 ./Sources/main.o
 .debug_macro   0x00000000     0x1816 ./Sources/main.o
 .debug_macro   0x00000000      0x14e ./Sources/main.o
 .debug_macro   0x00000000       0x64 ./Sources/main.o
 .debug_macro   0x00000000    0x174c1 ./Sources/main.o
 .debug_macro   0x00000000       0x9a ./Sources/main.o
 .debug_macro   0x00000000       0x22 ./Sources/main.o
 .debug_macro   0x00000000       0xd0 ./Sources/main.o
 .debug_macro   0x00000000       0x2e ./Sources/main.o
 .debug_macro   0x00000000       0x58 ./Sources/main.o
 .debug_macro   0x00000000       0x35 ./Sources/main.o
 .debug_macro   0x00000000       0xa3 ./Sources/main.o
 .debug_macro   0x00000000      0x166 ./Sources/main.o
 .debug_macro   0x00000000       0x52 ./Sources/main.o
 .debug_macro   0x00000000       0x16 ./Sources/main.o
 .debug_macro   0x00000000       0x43 ./Sources/main.o
 .debug_macro   0x00000000      0x180 ./Sources/main.o
 .debug_macro   0x00000000      0x2a6 ./Sources/main.o
 .debug_macro   0x00000000       0x10 ./Sources/main.o
 .debug_macro   0x00000000       0x35 ./Sources/main.o
 .group         0x00000000        0x8 ./Sources/old-main.o
 .text          0x00000000        0x0 ./Sources/old-main.o
 .data          0x00000000        0x0 ./Sources/old-main.o
 .bss           0x00000000        0x0 ./Sources/old-main.o
 .debug_info    0x00000000       0x21 ./Sources/old-main.o
 .debug_abbrev  0x00000000       0x13 ./Sources/old-main.o
 .debug_aranges
                0x00000000       0x18 ./Sources/old-main.o
 .debug_macro   0x00000000       0x11 ./Sources/old-main.o
 .debug_macro   0x00000000      0x850 ./Sources/old-main.o
 .debug_line    0x00000000       0x36 ./Sources/old-main.o
 .debug_str     0x00000000     0x2422 ./Sources/old-main.o
 .comment       0x00000000       0x71 ./Sources/old-main.o
 .ARM.attributes
                0x00000000       0x39 ./Sources/old-main.o
 .group         0x00000000        0x8 ./Sources/packet.o
 .group         0x00000000        0x8 ./Sources/packet.o
 .group         0x00000000        0x8 ./Sources/packet.o
 .group         0x00000000        0x8 ./Sources/packet.o
 .group         0x00000000        0x8 ./Sources/packet.o
 .group         0x00000000        0x8 ./Sources/packet.o
 .group         0x00000000        0x8 ./Sources/packet.o
 .group         0x00000000        0x8 ./Sources/packet.o
 .group         0x00000000        0x8 ./Sources/packet.o
 .group         0x00000000        0x8 ./Sources/packet.o
 .group         0x00000000        0x8 ./Sources/packet.o
 .group         0x00000000        0x8 ./Sources/packet.o
 .group         0x00000000        0x8 ./Sources/packet.o
 .text          0x00000000        0x0 ./Sources/packet.o
 .data          0x00000000        0x0 ./Sources/packet.o
 .bss           0x00000000        0x0 ./Sources/packet.o
 .rodata.PACKET_ACK_MASK
                0x00000000        0x1 ./Sources/packet.o
 .debug_macro   0x00000000      0x850 ./Sources/packet.o
 .debug_macro   0x00000000       0x16 ./Sources/packet.o
 .debug_macro   0x00000000       0x44 ./Sources/packet.o
 .debug_macro   0x00000000      0x209 ./Sources/packet.o
 .debug_macro   0x00000000       0x22 ./Sources/packet.o
 .debug_macro   0x00000000       0x36 ./Sources/packet.o
 .debug_macro   0x00000000    0x174c1 ./Sources/packet.o
 .debug_macro   0x00000000       0x2e ./Sources/packet.o
 .debug_macro   0x00000000     0x181c ./Sources/packet.o
 .debug_macro   0x00000000      0x14e ./Sources/packet.o
 .debug_macro   0x00000000       0x64 ./Sources/packet.o
 .debug_macro   0x00000000       0x9a ./Sources/packet.o
 .group         0x00000000        0x8 ./Project_Settings/Startup_Code/startup.o
 .group         0x00000000        0x8 ./Project_Settings/Startup_Code/startup.o
 .group         0x00000000        0x8 ./Project_Settings/Startup_Code/startup.o
 .group         0x00000000        0x8 ./Project_Settings/Startup_Code/startup.o
 .group         0x00000000        0x8 ./Project_Settings/Startup_Code/startup.o
 .group         0x00000000        0x8 ./Project_Settings/Startup_Code/startup.o
 .group         0x00000000        0x8 ./Project_Settings/Startup_Code/startup.o
 .group         0x00000000        0x8 ./Project_Settings/Startup_Code/startup.o
 .group         0x00000000        0x8 ./Project_Settings/Startup_Code/startup.o
 .group         0x00000000        0x8 ./Project_Settings/Startup_Code/startup.o
 .group         0x00000000        0x8 ./Project_Settings/Startup_Code/startup.o
 .group         0x00000000        0x8 ./Project_Settings/Startup_Code/startup.o
 .group         0x00000000        0x8 ./Project_Settings/Startup_Code/startup.o
 .group         0x00000000        0x8 ./Project_Settings/Startup_Code/startup.o
 .group         0x00000000        0x8 ./Project_Settings/Startup_Code/startup.o
 .group         0x00000000        0x8 ./Project_Settings/Startup_Code/startup.o
 .group         0x00000000        0x8 ./Project_Settings/Startup_Code/startup.o
 .group         0x00000000        0x8 ./Project_Settings/Startup_Code/startup.o
 .group         0x00000000        0x8 ./Project_Settings/Startup_Code/startup.o
 .text          0x00000000        0x0 ./Project_Settings/Startup_Code/startup.o
 .data          0x00000000        0x0 ./Project_Settings/Startup_Code/startup.o
 .bss           0x00000000        0x0 ./Project_Settings/Startup_Code/startup.o
 .text.__init_hardware
                0x00000000        0xc ./Project_Settings/Startup_Code/startup.o
 .text.__iar_program_start
                0x00000000        0xc ./Project_Settings/Startup_Code/startup.o
 .debug_macro   0x00000000      0x850 ./Project_Settings/Startup_Code/startup.o
 .debug_macro   0x00000000       0x58 ./Project_Settings/Startup_Code/startup.o
 .debug_macro   0x00000000       0x16 ./Project_Settings/Startup_Code/startup.o
 .debug_macro   0x00000000       0x35 ./Project_Settings/Startup_Code/startup.o
 .debug_macro   0x00000000       0xa3 ./Project_Settings/Startup_Code/startup.o
 .debug_macro   0x00000000      0x166 ./Project_Settings/Startup_Code/startup.o
 .debug_macro   0x00000000       0x52 ./Project_Settings/Startup_Code/startup.o
 .debug_macro   0x00000000       0x16 ./Project_Settings/Startup_Code/startup.o
 .debug_macro   0x00000000       0x43 ./Project_Settings/Startup_Code/startup.o
 .debug_macro   0x00000000      0x180 ./Project_Settings/Startup_Code/startup.o
 .debug_macro   0x00000000      0x2a6 ./Project_Settings/Startup_Code/startup.o
 .debug_macro   0x00000000       0x10 ./Project_Settings/Startup_Code/startup.o
 .debug_macro   0x00000000       0x35 ./Project_Settings/Startup_Code/startup.o
 .group         0x00000000        0x8 ./Generated_Code/Cpu.o
 .group         0x00000000        0x8 ./Generated_Code/Cpu.o
 .group         0x00000000        0x8 ./Generated_Code/Cpu.o
 .group         0x00000000        0x8 ./Generated_Code/Cpu.o
 .group         0x00000000        0x8 ./Generated_Code/Cpu.o
 .group         0x00000000        0x8 ./Generated_Code/Cpu.o
 .group         0x00000000        0x8 ./Generated_Code/Cpu.o
 .group         0x00000000        0x8 ./Generated_Code/Cpu.o
 .group         0x00000000        0x8 ./Generated_Code/Cpu.o
 .text          0x00000000        0x0 ./Generated_Code/Cpu.o
 .data          0x00000000        0x0 ./Generated_Code/Cpu.o
 .bss           0x00000000        0x0 ./Generated_Code/Cpu.o
 .debug_macro   0x00000000      0x850 ./Generated_Code/Cpu.o
 .debug_macro   0x00000000       0x16 ./Generated_Code/Cpu.o
 .debug_macro   0x00000000       0x44 ./Generated_Code/Cpu.o
 .debug_macro   0x00000000      0x209 ./Generated_Code/Cpu.o
 .debug_macro   0x00000000     0x1816 ./Generated_Code/Cpu.o
 .debug_macro   0x00000000      0x14e ./Generated_Code/Cpu.o
 .debug_macro   0x00000000       0x64 ./Generated_Code/Cpu.o
 .debug_macro   0x00000000    0x174c1 ./Generated_Code/Cpu.o
 .group         0x00000000        0x8 ./Generated_Code/Vectors.o
 .group         0x00000000        0x8 ./Generated_Code/Vectors.o
 .group         0x00000000        0x8 ./Generated_Code/Vectors.o
 .group         0x00000000        0x8 ./Generated_Code/Vectors.o
 .group         0x00000000        0x8 ./Generated_Code/Vectors.o
 .group         0x00000000        0x8 ./Generated_Code/Vectors.o
 .group         0x00000000        0x8 ./Generated_Code/Vectors.o
 .group         0x00000000        0x8 ./Generated_Code/Vectors.o
 .group         0x00000000        0x8 ./Generated_Code/Vectors.o
 .group         0x00000000        0x8 ./Generated_Code/Vectors.o
 .group         0x00000000        0x8 ./Generated_Code/Vectors.o
 .text          0x00000000        0x0 ./Generated_Code/Vectors.o
 .data          0x00000000        0x0 ./Generated_Code/Vectors.o
 .bss           0x00000000        0x0 ./Generated_Code/Vectors.o
 .debug_macro   0x00000000      0x850 ./Generated_Code/Vectors.o
 .debug_macro   0x00000000       0x16 ./Generated_Code/Vectors.o
 .debug_macro   0x00000000       0x44 ./Generated_Code/Vectors.o
 .debug_macro   0x00000000      0x209 ./Generated_Code/Vectors.o
 .debug_macro   0x00000000     0x1816 ./Generated_Code/Vectors.o
 .debug_macro   0x00000000      0x14e ./Generated_Code/Vectors.o
 .debug_macro   0x00000000       0x64 ./Generated_Code/Vectors.o
 .debug_macro   0x00000000    0x174c1 ./Generated_Code/Vectors.o
 .debug_macro   0x00000000       0x9a ./Generated_Code/Vectors.o
 .debug_macro   0x00000000       0x22 ./Generated_Code/Vectors.o
 .debug_macro   0x00000000       0x30 ./Generated_Code/Vectors.o
 .group         0x00000000        0x8 ./Generated_Code/Vectors_Backup.o
 .text          0x00000000        0x0 ./Generated_Code/Vectors_Backup.o
 .data          0x00000000        0x0 ./Generated_Code/Vectors_Backup.o
 .bss           0x00000000        0x0 ./Generated_Code/Vectors_Backup.o
 .debug_info    0x00000000       0x21 ./Generated_Code/Vectors_Backup.o
 .debug_abbrev  0x00000000       0x13 ./Generated_Code/Vectors_Backup.o
 .debug_aranges
                0x00000000       0x18 ./Generated_Code/Vectors_Backup.o
 .debug_macro   0x00000000       0x11 ./Generated_Code/Vectors_Backup.o
 .debug_macro   0x00000000      0x850 ./Generated_Code/Vectors_Backup.o
 .debug_line    0x00000000       0x43 ./Generated_Code/Vectors_Backup.o
 .debug_str     0x00000000     0x242f ./Generated_Code/Vectors_Backup.o
 .comment       0x00000000       0x71 ./Generated_Code/Vectors_Backup.o
 .ARM.attributes
                0x00000000       0x39 ./Generated_Code/Vectors_Backup.o
 .group         0x00000000        0x8 C:\Users\12195032\Documents\PROJECT\Project\Library\libOS.a(OS.o)
 .group         0x00000000        0x8 C:\Users\12195032\Documents\PROJECT\Project\Library\libOS.a(OS.o)
 .group         0x00000000        0x8 C:\Users\12195032\Documents\PROJECT\Project\Library\libOS.a(OS.o)
 .group         0x00000000        0x8 C:\Users\12195032\Documents\PROJECT\Project\Library\libOS.a(OS.o)
 .group         0x00000000        0x8 C:\Users\12195032\Documents\PROJECT\Project\Library\libOS.a(OS.o)
 .group         0x00000000        0x8 C:\Users\12195032\Documents\PROJECT\Project\Library\libOS.a(OS.o)
 .group         0x00000000        0x8 C:\Users\12195032\Documents\PROJECT\Project\Library\libOS.a(OS.o)
 .group         0x00000000        0x8 C:\Users\12195032\Documents\PROJECT\Project\Library\libOS.a(OS.o)
 .group         0x00000000        0x8 C:\Users\12195032\Documents\PROJECT\Project\Library\libOS.a(OS.o)
 .group         0x00000000        0x8 C:\Users\12195032\Documents\PROJECT\Project\Library\libOS.a(OS.o)
 .group         0x00000000        0x8 C:\Users\12195032\Documents\PROJECT\Project\Library\libOS.a(OS.o)
 .text          0x00000000        0x0 C:\Users\12195032\Documents\PROJECT\Project\Library\libOS.a(OS.o)
 .data          0x00000000        0x0 C:\Users\12195032\Documents\PROJECT\Project\Library\libOS.a(OS.o)
 .bss           0x00000000        0x0 C:\Users\12195032\Documents\PROJECT\Project\Library\libOS.a(OS.o)
 .rodata.OS_TICK_FREQUENCY
                0x00000000        0x4 C:\Users\12195032\Documents\PROJECT\Project\Library\libOS.a(OS.o)
 .text.OS_TimeDelay
                0x00000000       0x48 C:\Users\12195032\Documents\PROJECT\Project\Library\libOS.a(OS.o)
 .text.OS_TimeGet
                0x00000000       0x24 C:\Users\12195032\Documents\PROJECT\Project\Library\libOS.a(OS.o)
 .text.OS_TimeSet
                0x00000000       0x20 C:\Users\12195032\Documents\PROJECT\Project\Library\libOS.a(OS.o)
 .debug_macro   0x00000000      0x850 C:\Users\12195032\Documents\PROJECT\Project\Library\libOS.a(OS.o)
 .debug_macro   0x00000000       0x16 C:\Users\12195032\Documents\PROJECT\Project\Library\libOS.a(OS.o)
 .debug_macro   0x00000000       0x44 C:\Users\12195032\Documents\PROJECT\Project\Library\libOS.a(OS.o)
 .debug_macro   0x00000000      0x209 C:\Users\12195032\Documents\PROJECT\Project\Library\libOS.a(OS.o)
 .debug_macro   0x00000000      0x14e C:\Users\12195032\Documents\PROJECT\Project\Library\libOS.a(OS.o)
 .debug_macro   0x00000000       0x64 C:\Users\12195032\Documents\PROJECT\Project\Library\libOS.a(OS.o)
 .debug_macro   0x00000000    0x174c1 C:\Users\12195032\Documents\PROJECT\Project\Library\libOS.a(OS.o)
 .debug_macro   0x00000000       0x22 C:\Users\12195032\Documents\PROJECT\Project\Library\libOS.a(OS.o)
 .debug_macro   0x00000000       0x30 C:\Users\12195032\Documents\PROJECT\Project\Library\libOS.a(OS.o)
 .group         0x00000000        0x8 C:\Users\12195032\Documents\PROJECT\Project\Library\libAnalog.a(analog.o)
 .group         0x00000000        0x8 C:\Users\12195032\Documents\PROJECT\Project\Library\libAnalog.a(analog.o)
 .group         0x00000000        0x8 C:\Users\12195032\Documents\PROJECT\Project\Library\libAnalog.a(analog.o)
 .group         0x00000000        0x8 C:\Users\12195032\Documents\PROJECT\Project\Library\libAnalog.a(analog.o)
 .group         0x00000000        0x8 C:\Users\12195032\Documents\PROJECT\Project\Library\libAnalog.a(analog.o)
 .group         0x00000000        0x8 C:\Users\12195032\Documents\PROJECT\Project\Library\libAnalog.a(analog.o)
 .group         0x00000000        0x8 C:\Users\12195032\Documents\PROJECT\Project\Library\libAnalog.a(analog.o)
 .text          0x00000000        0x0 C:\Users\12195032\Documents\PROJECT\Project\Library\libAnalog.a(analog.o)
 .data          0x00000000        0x0 C:\Users\12195032\Documents\PROJECT\Project\Library\libAnalog.a(analog.o)
 .bss           0x00000000        0x0 C:\Users\12195032\Documents\PROJECT\Project\Library\libAnalog.a(analog.o)
 .debug_macro   0x00000000      0x850 C:\Users\12195032\Documents\PROJECT\Project\Library\libAnalog.a(analog.o)
 .debug_macro   0x00000000      0x166 C:\Users\12195032\Documents\PROJECT\Project\Library\libAnalog.a(analog.o)
 .debug_macro   0x00000000       0x16 C:\Users\12195032\Documents\PROJECT\Project\Library\libAnalog.a(analog.o)
 .debug_macro   0x00000000       0x44 C:\Users\12195032\Documents\PROJECT\Project\Library\libAnalog.a(analog.o)
 .debug_macro   0x00000000      0x209 C:\Users\12195032\Documents\PROJECT\Project\Library\libAnalog.a(analog.o)
 .debug_macro   0x00000000       0x22 C:\Users\12195032\Documents\PROJECT\Project\Library\libAnalog.a(analog.o)
 .debug_macro   0x00000000       0x16 C:\Users\12195032\Documents\PROJECT\Project\Library\libAnalog.a(analog.o)
 .group         0x00000000        0x8 C:\Users\12195032\Documents\PROJECT\Project\Library\libAnalog.a(SPI.o)
 .group         0x00000000        0x8 C:\Users\12195032\Documents\PROJECT\Project\Library\libAnalog.a(SPI.o)
 .group         0x00000000        0x8 C:\Users\12195032\Documents\PROJECT\Project\Library\libAnalog.a(SPI.o)
 .group         0x00000000        0x8 C:\Users\12195032\Documents\PROJECT\Project\Library\libAnalog.a(SPI.o)
 .group         0x00000000        0x8 C:\Users\12195032\Documents\PROJECT\Project\Library\libAnalog.a(SPI.o)
 .group         0x00000000        0x8 C:\Users\12195032\Documents\PROJECT\Project\Library\libAnalog.a(SPI.o)
 .text          0x00000000        0x0 C:\Users\12195032\Documents\PROJECT\Project\Library\libAnalog.a(SPI.o)
 .data          0x00000000        0x0 C:\Users\12195032\Documents\PROJECT\Project\Library\libAnalog.a(SPI.o)
 .bss           0x00000000        0x0 C:\Users\12195032\Documents\PROJECT\Project\Library\libAnalog.a(SPI.o)
 .rodata.MAX_SPI_WAIT_COUNT
                0x00000000        0x2 C:\Users\12195032\Documents\PROJECT\Project\Library\libAnalog.a(SPI.o)
 .debug_macro   0x00000000      0x850 C:\Users\12195032\Documents\PROJECT\Project\Library\libAnalog.a(SPI.o)
 .debug_macro   0x00000000       0x16 C:\Users\12195032\Documents\PROJECT\Project\Library\libAnalog.a(SPI.o)
 .debug_macro   0x00000000       0x44 C:\Users\12195032\Documents\PROJECT\Project\Library\libAnalog.a(SPI.o)
 .debug_macro   0x00000000      0x209 C:\Users\12195032\Documents\PROJECT\Project\Library\libAnalog.a(SPI.o)
 .debug_macro   0x00000000       0x22 C:\Users\12195032\Documents\PROJECT\Project\Library\libAnalog.a(SPI.o)
 .debug_macro   0x00000000    0x174c1 C:\Users\12195032\Documents\PROJECT\Project\Library\libAnalog.a(SPI.o)
 .data          0x00000000        0x0 c:/freescale/kds_3.0.0/toolchain/bin/../lib/gcc/arm-none-eabi/4.8.4/armv7e-m/fpu\libgcc.a(_arm_addsubdf3.o)
 .bss           0x00000000        0x0 c:/freescale/kds_3.0.0/toolchain/bin/../lib/gcc/arm-none-eabi/4.8.4/armv7e-m/fpu\libgcc.a(_arm_addsubdf3.o)
 .data          0x00000000        0x0 c:/freescale/kds_3.0.0/toolchain/bin/../lib/gcc/arm-none-eabi/4.8.4/armv7e-m/fpu\libgcc.a(_arm_muldivdf3.o)
 .bss           0x00000000        0x0 c:/freescale/kds_3.0.0/toolchain/bin/../lib/gcc/arm-none-eabi/4.8.4/armv7e-m/fpu\libgcc.a(_arm_muldivdf3.o)
 .data          0x00000000        0x0 c:/freescale/kds_3.0.0/toolchain/bin/../lib/gcc/arm-none-eabi/4.8.4/armv7e-m/fpu\libgcc.a(_arm_fixunsdfsi.o)
 .bss           0x00000000        0x0 c:/freescale/kds_3.0.0/toolchain/bin/../lib/gcc/arm-none-eabi/4.8.4/armv7e-m/fpu\libgcc.a(_arm_fixunsdfsi.o)
 .text          0x00000000        0x0 c:/freescale/kds_3.0.0/toolchain/bin/../lib/gcc/arm-none-eabi/4.8.4/../../../../arm-none-eabi/lib/armv7e-m/fpu\libg_s.a(lib_a-exit.o)
 .data          0x00000000        0x0 c:/freescale/kds_3.0.0/toolchain/bin/../lib/gcc/arm-none-eabi/4.8.4/../../../../arm-none-eabi/lib/armv7e-m/fpu\libg_s.a(lib_a-exit.o)
 .bss           0x00000000        0x0 c:/freescale/kds_3.0.0/toolchain/bin/../lib/gcc/arm-none-eabi/4.8.4/../../../../arm-none-eabi/lib/armv7e-m/fpu\libg_s.a(lib_a-exit.o)
 .text          0x00000000        0x0 c:/freescale/kds_3.0.0/toolchain/bin/../lib/gcc/arm-none-eabi/4.8.4/../../../../arm-none-eabi/lib/armv7e-m/fpu\libg_s.a(lib_a-impure.o)
 .data          0x00000000        0x0 c:/freescale/kds_3.0.0/toolchain/bin/../lib/gcc/arm-none-eabi/4.8.4/../../../../arm-none-eabi/lib/armv7e-m/fpu\libg_s.a(lib_a-impure.o)
 .bss           0x00000000        0x0 c:/freescale/kds_3.0.0/toolchain/bin/../lib/gcc/arm-none-eabi/4.8.4/../../../../arm-none-eabi/lib/armv7e-m/fpu\libg_s.a(lib_a-impure.o)
 .data._impure_ptr
                0x00000000        0x4 c:/freescale/kds_3.0.0/toolchain/bin/../lib/gcc/arm-none-eabi/4.8.4/../../../../arm-none-eabi/lib/armv7e-m/fpu\libg_s.a(lib_a-impure.o)
 .text          0x00000000        0x0 c:/freescale/kds_3.0.0/toolchain/bin/../lib/gcc/arm-none-eabi/4.8.4/../../../../arm-none-eabi/lib/armv7e-m/fpu\libg_s.a(lib_a-init.o)
 .data          0x00000000        0x0 c:/freescale/kds_3.0.0/toolchain/bin/../lib/gcc/arm-none-eabi/4.8.4/../../../../arm-none-eabi/lib/armv7e-m/fpu\libg_s.a(lib_a-init.o)
 .bss           0x00000000        0x0 c:/freescale/kds_3.0.0/toolchain/bin/../lib/gcc/arm-none-eabi/4.8.4/../../../../arm-none-eabi/lib/armv7e-m/fpu\libg_s.a(lib_a-init.o)
 .text          0x00000000        0x0 c:/freescale/kds_3.0.0/toolchain/bin/../lib/gcc/arm-none-eabi/4.8.4/../../../../arm-none-eabi/lib/armv7e-m/fpu\libg_s.a(lib_a-memset.o)
 .data          0x00000000        0x0 c:/freescale/kds_3.0.0/toolchain/bin/../lib/gcc/arm-none-eabi/4.8.4/../../../../arm-none-eabi/lib/armv7e-m/fpu\libg_s.a(lib_a-memset.o)
 .bss           0x00000000        0x0 c:/freescale/kds_3.0.0/toolchain/bin/../lib/gcc/arm-none-eabi/4.8.4/../../../../arm-none-eabi/lib/armv7e-m/fpu\libg_s.a(lib_a-memset.o)
 .text          0x00000000        0x0 c:/freescale/kds_3.0.0/toolchain/bin/../lib/gcc/arm-none-eabi/4.8.4/../../../../arm-none-eabi/lib/armv7e-m/fpu\libnosys.a(_exit.o)
 .data          0x00000000        0x0 c:/freescale/kds_3.0.0/toolchain/bin/../lib/gcc/arm-none-eabi/4.8.4/../../../../arm-none-eabi/lib/armv7e-m/fpu\libnosys.a(_exit.o)
 .bss           0x00000000        0x0 c:/freescale/kds_3.0.0/toolchain/bin/../lib/gcc/arm-none-eabi/4.8.4/../../../../arm-none-eabi/lib/armv7e-m/fpu\libnosys.a(_exit.o)
 .text          0x00000000        0x0 c:/freescale/kds_3.0.0/toolchain/bin/../lib/gcc/arm-none-eabi/4.8.4/armv7e-m/fpu/crtend.o
 .data          0x00000000        0x0 c:/freescale/kds_3.0.0/toolchain/bin/../lib/gcc/arm-none-eabi/4.8.4/armv7e-m/fpu/crtend.o
 .bss           0x00000000        0x0 c:/freescale/kds_3.0.0/toolchain/bin/../lib/gcc/arm-none-eabi/4.8.4/armv7e-m/fpu/crtend.o
 .eh_frame      0x00000000        0x4 c:/freescale/kds_3.0.0/toolchain/bin/../lib/gcc/arm-none-eabi/4.8.4/armv7e-m/fpu/crtend.o
 .jcr           0x00000000        0x4 c:/freescale/kds_3.0.0/toolchain/bin/../lib/gcc/arm-none-eabi/4.8.4/armv7e-m/fpu/crtend.o
 .ARM.attributes
                0x00000000       0x34 c:/freescale/kds_3.0.0/toolchain/bin/../lib/gcc/arm-none-eabi/4.8.4/armv7e-m/fpu/crtend.o
 .text          0x00000000        0x0 c:/freescale/kds_3.0.0/toolchain/bin/../lib/gcc/arm-none-eabi/4.8.4/armv7e-m/fpu/crtn.o
 .data          0x00000000        0x0 c:/freescale/kds_3.0.0/toolchain/bin/../lib/gcc/arm-none-eabi/4.8.4/armv7e-m/fpu/crtn.o
 .bss           0x00000000        0x0 c:/freescale/kds_3.0.0/toolchain/bin/../lib/gcc/arm-none-eabi/4.8.4/armv7e-m/fpu/crtn.o

Memory Configuration

Name             Origin             Length             Attributes
m_interrupts     0x00000000         0x000001e8         xr
m_text           0x00000410         0x0007fbf0         xr
m_data           0x1fff0000         0x00010000         rw
m_data_20000000  0x20000000         0x00010000         rw
m_cfmprotrom     0x00000400         0x00000010         xr
*default*        0x00000000         0xffffffff

Linker script and memory map

LOAD c:/freescale/kds_3.0.0/toolchain/bin/../lib/gcc/arm-none-eabi/4.8.4/armv7e-m/fpu/crti.o
LOAD c:/freescale/kds_3.0.0/toolchain/bin/../lib/gcc/arm-none-eabi/4.8.4/armv7e-m/fpu/crtbegin.o
LOAD c:/freescale/kds_3.0.0/toolchain/bin/../lib/gcc/arm-none-eabi/4.8.4/../../../../arm-none-eabi/lib/armv7e-m/fpu/crt0.o
LOAD ./Sources/Events.o
LOAD ./Sources/FIFO.o
LOAD ./Sources/Flash.o
LOAD ./Sources/LEDs.o
LOAD ./Sources/PIT.o
LOAD ./Sources/UART.o
LOAD ./Sources/main.o
LOAD ./Sources/old-main.o
LOAD ./Sources/packet.o
LOAD ./Project_Settings/Startup_Code/startup.o
LOAD ./Generated_Code/Cpu.o
LOAD ./Generated_Code/Vectors.o
LOAD ./Generated_Code/Vectors_Backup.o
LOAD C:\Users\12195032\Documents\PROJECT\Project\Library\libOS.a
LOAD C:\Users\12195032\Documents\PROJECT\Project\Library\libAnalog.a
LOAD c:/freescale/kds_3.0.0/toolchain/bin/../lib/gcc/arm-none-eabi/4.8.4/../../../../arm-none-eabi/lib/armv7e-m/fpu\libstdc++_s.a
LOAD c:/freescale/kds_3.0.0/toolchain/bin/../lib/gcc/arm-none-eabi/4.8.4/../../../../arm-none-eabi/lib/armv7e-m/fpu\libm.a
START GROUP
LOAD c:/freescale/kds_3.0.0/toolchain/bin/../lib/gcc/arm-none-eabi/4.8.4/armv7e-m/fpu\libgcc.a
LOAD c:/freescale/kds_3.0.0/toolchain/bin/../lib/gcc/arm-none-eabi/4.8.4/../../../../arm-none-eabi/lib/armv7e-m/fpu\libg_s.a
LOAD c:/freescale/kds_3.0.0/toolchain/bin/../lib/gcc/arm-none-eabi/4.8.4/../../../../arm-none-eabi/lib/armv7e-m/fpu\libc_s.a
END GROUP
START GROUP
LOAD c:/freescale/kds_3.0.0/toolchain/bin/../lib/gcc/arm-none-eabi/4.8.4/armv7e-m/fpu\libgcc.a
LOAD c:/freescale/kds_3.0.0/toolchain/bin/../lib/gcc/arm-none-eabi/4.8.4/../../../../arm-none-eabi/lib/armv7e-m/fpu\libc_s.a
LOAD c:/freescale/kds_3.0.0/toolchain/bin/../lib/gcc/arm-none-eabi/4.8.4/../../../../arm-none-eabi/lib/armv7e-m/fpu\libnosys.a
END GROUP
START GROUP
LOAD c:/freescale/kds_3.0.0/toolchain/bin/../lib/gcc/arm-none-eabi/4.8.4/armv7e-m/fpu\libgcc.a
LOAD c:/freescale/kds_3.0.0/toolchain/bin/../lib/gcc/arm-none-eabi/4.8.4/../../../../arm-none-eabi/lib/armv7e-m/fpu\libc_s.a
LOAD c:/freescale/kds_3.0.0/toolchain/bin/../lib/gcc/arm-none-eabi/4.8.4/../../../../arm-none-eabi/lib/armv7e-m/fpu\libnosys.a
END GROUP
LOAD c:/freescale/kds_3.0.0/toolchain/bin/../lib/gcc/arm-none-eabi/4.8.4/armv7e-m/fpu/crtend.o
LOAD c:/freescale/kds_3.0.0/toolchain/bin/../lib/gcc/arm-none-eabi/4.8.4/armv7e-m/fpu/crtn.o
                0x20000000                _estack = 0x20000000
                0x20000000                __SP_INIT = _estack
                0x20000000                __stack = _estack
                0x00000000                __heap_size = 0x0
                0x00000400                __stack_size = 0x400

.interrupts     0x00000000      0x1e8
                0x00000000                __vector_table = .
                0x00000000                . = ALIGN (0x4)
 *(.vectortable)
 .vectortable   0x00000000      0x1e8 ./Generated_Code/Vectors.o
                0x00000000                __vect_table
                0x000001e8                . = ALIGN (0x4)

.cfmprotect     0x00000400       0x10
                0x00000400                . = ALIGN (0x4)
 *(.cfmconfig)
 .cfmconfig     0x00000400       0x10 ./Generated_Code/Cpu.o
                0x00000400                _cfm
                0x00000410                . = ALIGN (0x4)

.text           0x00000410     0x324c
                0x00000410                . = ALIGN (0x4)
 *(.text)
 .text          0x00000410       0x54 c:/freescale/kds_3.0.0/toolchain/bin/../lib/gcc/arm-none-eabi/4.8.4/armv7e-m/fpu/crtbegin.o
 .text          0x00000464       0x74 c:/freescale/kds_3.0.0/toolchain/bin/../lib/gcc/arm-none-eabi/4.8.4/../../../../arm-none-eabi/lib/armv7e-m/fpu/crt0.o
                0x00000464                _start
                0x00000464                _mainCRTStartup
 .text          0x000004d8      0x370 c:/freescale/kds_3.0.0/toolchain/bin/../lib/gcc/arm-none-eabi/4.8.4/armv7e-m/fpu\libgcc.a(_arm_addsubdf3.o)
                0x000004d8                __aeabi_drsub
                0x000004e0                __aeabi_dsub
                0x000004e0                __subdf3
                0x000004e4                __aeabi_dadd
                0x000004e4                __adddf3
                0x0000075c                __floatunsidf
                0x0000075c                __aeabi_ui2d
                0x0000077c                __floatsidf
                0x0000077c                __aeabi_i2d
                0x000007a0                __aeabi_f2d
                0x000007a0                __extendsfdf2
                0x000007dc                __floatundidf
                0x000007dc                __aeabi_ul2d
                0x000007ec                __floatdidf
                0x000007ec                __aeabi_l2d
 .text          0x00000848      0x424 c:/freescale/kds_3.0.0/toolchain/bin/../lib/gcc/arm-none-eabi/4.8.4/armv7e-m/fpu\libgcc.a(_arm_muldivdf3.o)
                0x00000848                __aeabi_dmul
                0x00000848                __muldf3
                0x00000a9c                __divdf3
                0x00000a9c                __aeabi_ddiv
 .text          0x00000c6c       0x40 c:/freescale/kds_3.0.0/toolchain/bin/../lib/gcc/arm-none-eabi/4.8.4/armv7e-m/fpu\libgcc.a(_arm_fixunsdfsi.o)
                0x00000c6c                __aeabi_d2uiz
                0x00000c6c                __fixunsdfsi
 *(.text*)
 .text.FIFO_Init
                0x00000cac       0x4c ./Sources/FIFO.o
                0x00000cac                FIFO_Init
 .text.FIFO_Put
                0x00000cf8       0x7c ./Sources/FIFO.o
                0x00000cf8                FIFO_Put
 .text.FIFO_Get
                0x00000d74       0x7c ./Sources/FIFO.o
                0x00000d74                FIFO_Get
 .text.Flash_Init
                0x00000df0       0x2c ./Sources/Flash.o
                0x00000df0                Flash_Init
 .text.Flash_AllocateVar
                0x00000e1c       0x90 ./Sources/Flash.o
                0x00000e1c                Flash_AllocateVar
 .text.Flash_Write16
                0x00000eac       0x64 ./Sources/Flash.o
                0x00000eac                Flash_Write16
 .text.Flash_Write8
                0x00000f10       0x50 ./Sources/Flash.o
                0x00000f10                Flash_Write8
 .text.Flash_Erase
                0x00000f60       0x40 ./Sources/Flash.o
                0x00000f60                Flash_Erase
 .text.ReadPhrase
                0x00000fa0       0x24 ./Sources/Flash.o
 .text.WritePhrase
                0x00000fc4       0x9c ./Sources/Flash.o
 .text.WaitCCIF
                0x00001060       0x20 ./Sources/Flash.o
 .text.SetCCIF  0x00001080       0x20 ./Sources/Flash.o
 .text.LEDs_Init
                0x000010a0       0xb4 ./Sources/LEDs.o
                0x000010a0                LEDs_Init
 .text.LEDs_On  0x00001154       0x1c ./Sources/LEDs.o
                0x00001154                LEDs_On
 .text.LEDs_Toggle
                0x00001170       0x1c ./Sources/LEDs.o
                0x00001170                LEDs_Toggle
 .text.PIT_Init
                0x0000118c       0xa0 ./Sources/PIT.o
                0x0000118c                PIT_Init
 *fill*         0x0000122c        0x4 
 .text.PIT_Set  0x00001230       0x78 ./Sources/PIT.o
                0x00001230                PIT_Set
 .text.PIT_Enable
                0x000012a8       0x40 ./Sources/PIT.o
                0x000012a8                PIT_Enable
 .text.PIT_ISR  0x000012e8       0x40 ./Sources/PIT.o
                0x000012e8                PIT_ISR
 .text.UART_Init
                0x00001328      0x174 ./Sources/UART.o
                0x00001328                UART_Init
 .text.UART_InChar
                0x0000149c       0x1c ./Sources/UART.o
                0x0000149c                UART_InChar
 .text.UART_OutChar
                0x000014b8       0x20 ./Sources/UART.o
                0x000014b8                UART_OutChar
 .text.ReceiveThread
                0x000014d8       0x40 ./Sources/UART.o
                0x000014d8                ReceiveThread
 .text.TransmitThread
                0x00001518       0x44 ./Sources/UART.o
                0x00001518                TransmitThread
 .text.UART_ISR
                0x0000155c       0x98 ./Sources/UART.o
                0x0000155c                UART_ISR
 .text.PITCallback
                0x000015f4       0x18 ./Sources/main.o
                0x000015f4                PITCallback
 .text.InitModulesThread
                0x0000160c       0xac ./Sources/main.o
 .text.PacketThread
                0x000016b8       0x74 ./Sources/main.o
 .text.PITThread
                0x0000172c       0x48 ./Sources/main.o
 .text.AnalogLoopbackThread
                0x00001774       0x38 ./Sources/main.o
                0x00001774                AnalogLoopbackThread
 .text.main     0x000017ac       0xe8 ./Sources/main.o
                0x000017ac                main
 .text.PacketTest
                0x00001894       0x44 ./Sources/packet.o
                0x00001894                PacketTest
 .text.DataToFlash
                0x000018d8       0x7c ./Sources/packet.o
                0x000018d8                DataToFlash
 .text.Packet_Init
                0x00001954       0x48 ./Sources/packet.o
                0x00001954                Packet_Init
 .text.Packet_Get
                0x0000199c      0x10c ./Sources/packet.o
                0x0000199c                Packet_Get
 .text.Packet_Put
                0x00001aa8       0x68 ./Sources/packet.o
                0x00001aa8                Packet_Put
 .text.Packet_Handle
                0x00001b10      0x264 ./Sources/packet.o
                0x00001b10                Packet_Handle
 .text.__copy_rom_section
                0x00001d74       0xe4 ./Project_Settings/Startup_Code/startup.o
                0x00001d74                __copy_rom_section
 .text.__copy_rom_sections_to_ram
                0x00001e58       0x9c ./Project_Settings/Startup_Code/startup.o
                0x00001e58                __copy_rom_sections_to_ram
 .text.__init_registers
                0x00001ef4       0x20 ./Project_Settings/Startup_Code/startup.o
                0x00001ef4                __init_registers
 .text.__init_user
                0x00001f14        0xc ./Project_Settings/Startup_Code/startup.o
                0x00001f14                __init_user
 .text.__thumb_startup
                0x00001f20       0x34 ./Project_Settings/Startup_Code/startup.o
                0x00001f20                __thumb_startup
 .text.Cpu_Interrupt
                0x00001f54       0x18 ./Generated_Code/Cpu.o
                0x00001f54                Cpu_Interrupt
 .text.__init_hardware
                0x00001f6c      0x1cc ./Generated_Code/Cpu.o
                0x00001f6c                __init_hardware
 .text.Cpu_SetBASEPRI
                0x00002138       0x18 ./Generated_Code/Cpu.o
                0x00002138                Cpu_SetBASEPRI
 .text.PE_low_level_init
                0x00002150       0xe4 ./Generated_Code/Cpu.o
                0x00002150                PE_low_level_init
 .text.OS_Init  0x00002234      0x110 C:\Users\12195032\Documents\PROJECT\Project\Library\libOS.a(OS.o)
                0x00002234                OS_Init
 .text.OS_ISREnter
                0x00002344       0x20 C:\Users\12195032\Documents\PROJECT\Project\Library\libOS.a(OS.o)
                0x00002344                OS_ISREnter
 .text.OS_ISRExit
                0x00002364       0x1c C:\Users\12195032\Documents\PROJECT\Project\Library\libOS.a(OS.o)
                0x00002364                OS_ISRExit
 .text.OS_SemaphoreCreate
                0x00002380       0x90 C:\Users\12195032\Documents\PROJECT\Project\Library\libOS.a(OS.o)
                0x00002380                OS_SemaphoreCreate
 .text.OS_SemaphoreSignal
                0x00002410       0x44 C:\Users\12195032\Documents\PROJECT\Project\Library\libOS.a(OS.o)
                0x00002410                OS_SemaphoreSignal
 .text.OS_SemaphoreWait
                0x00002454       0x58 C:\Users\12195032\Documents\PROJECT\Project\Library\libOS.a(OS.o)
                0x00002454                OS_SemaphoreWait
 .text.OS_Start
                0x000024ac       0x10 C:\Users\12195032\Documents\PROJECT\Project\Library\libOS.a(OS.o)
                0x000024ac                OS_Start
 .text.OS_ThreadCreate
                0x000024bc      0x160 C:\Users\12195032\Documents\PROJECT\Project\Library\libOS.a(OS.o)
                0x000024bc                OS_ThreadCreate
 .text.OS_ThreadDelete
                0x0000261c      0x18c C:\Users\12195032\Documents\PROJECT\Project\Library\libOS.a(OS.o)
                0x0000261c                OS_ThreadDelete
 .text.EventThreadReady
                0x000027a8       0x68 C:\Users\12195032\Documents\PROJECT\Project\Library\libOS.a(OS.o)
 .text.EventThreadWait
                0x00002810       0x64 C:\Users\12195032\Documents\PROJECT\Project\Library\libOS.a(OS.o)
 .text.EventTimeout
                0x00002874       0x40 C:\Users\12195032\Documents\PROJECT\Project\Library\libOS.a(OS.o)
 .text.Idle     0x000028b4       0x18 C:\Users\12195032\Documents\PROJECT\Project\Library\libOS.a(OS.o)
 .text.FindFirstSet
                0x000028cc       0x44 C:\Users\12195032\Documents\PROJECT\Project\Library\libOS.a(OS.o)
 .text.Schedule
                0x00002910       0x64 C:\Users\12195032\Documents\PROJECT\Project\Library\libOS.a(OS.o)
 .text.TCBInit  0x00002974       0xcc C:\Users\12195032\Documents\PROJECT\Project\Library\libOS.a(OS.o)
 .text.TimeTick
                0x00002a40       0x74 C:\Users\12195032\Documents\PROJECT\Project\Library\libOS.a(OS.o)
 *fill*         0x00002ab4        0xc 
 .text.OS_ContextSwitchISR
                0x00002ac0       0x70 C:\Users\12195032\Documents\PROJECT\Project\Library\libOS.a(OS.o)
                0x00002ac0                OS_ContextSwitchISR
 .text.OS_SysTickISR
                0x00002b30       0x5c C:\Users\12195032\Documents\PROJECT\Project\Library\libOS.a(OS.o)
                0x00002b30                OS_SysTickISR
 .text.DACWrite
                0x00002b8c       0x6c C:\Users\12195032\Documents\PROJECT\Project\Library\libAnalog.a(analog.o)
 .text.Analog_Init
                0x00002bf8      0x100 C:\Users\12195032\Documents\PROJECT\Project\Library\libAnalog.a(analog.o)
                0x00002bf8                Analog_Init
 .text.Analog_Get
                0x00002cf8       0x78 C:\Users\12195032\Documents\PROJECT\Project\Library\libAnalog.a(analog.o)
                0x00002cf8                Analog_Get
 .text.Analog_Put
                0x00002d70       0x50 C:\Users\12195032\Documents\PROJECT\Project\Library\libAnalog.a(analog.o)
                0x00002d70                Analog_Put
 .text.InitChipSelectPins
                0x00002dc0       0x6c C:\Users\12195032\Documents\PROJECT\Project\Library\libAnalog.a(SPI.o)
 .text.SetupModuleConfigurationRegister
                0x00002e2c      0x104 C:\Users\12195032\Documents\PROJECT\Project\Library\libAnalog.a(SPI.o)
 .text.SetBaudRate
                0x00002f30      0x15c C:\Users\12195032\Documents\PROJECT\Project\Library\libAnalog.a(SPI.o)
 .text.SetDelayAfterTransfer
                0x0000308c      0x168 C:\Users\12195032\Documents\PROJECT\Project\Library\libAnalog.a(SPI.o)
 .text.SetupClockAndTransferAttributesRegister
                0x000031f4      0x16c C:\Users\12195032\Documents\PROJECT\Project\Library\libAnalog.a(SPI.o)
 .text.SPI_Init
                0x00003360       0x90 C:\Users\12195032\Documents\PROJECT\Project\Library\libAnalog.a(SPI.o)
                0x00003360                SPI_Init
 .text.SPI_SelectSlaveDevice
                0x000033f0       0x6c C:\Users\12195032\Documents\PROJECT\Project\Library\libAnalog.a(SPI.o)
                0x000033f0                SPI_SelectSlaveDevice
 .text.SPI_Exchange
                0x0000345c       0x94 C:\Users\12195032\Documents\PROJECT\Project\Library\libAnalog.a(SPI.o)
                0x0000345c                SPI_Exchange
 .text.exit     0x000034f0       0x28 c:/freescale/kds_3.0.0/toolchain/bin/../lib/gcc/arm-none-eabi/4.8.4/../../../../arm-none-eabi/lib/armv7e-m/fpu\libg_s.a(lib_a-exit.o)
                0x000034f0                exit
 .text.__libc_init_array
                0x00003518       0x4c c:/freescale/kds_3.0.0/toolchain/bin/../lib/gcc/arm-none-eabi/4.8.4/../../../../arm-none-eabi/lib/armv7e-m/fpu\libg_s.a(lib_a-init.o)
                0x00003518                __libc_init_array
 .text.memset   0x00003564       0x10 c:/freescale/kds_3.0.0/toolchain/bin/../lib/gcc/arm-none-eabi/4.8.4/../../../../arm-none-eabi/lib/armv7e-m/fpu\libg_s.a(lib_a-memset.o)
                0x00003564                memset
 .text._exit    0x00003574        0x4 c:/freescale/kds_3.0.0/toolchain/bin/../lib/gcc/arm-none-eabi/4.8.4/../../../../arm-none-eabi/lib/armv7e-m/fpu\libnosys.a(_exit.o)
                0x00003574                _exit
 *(.rodata)
 .rodata        0x00003578        0x4 C:\Users\12195032\Documents\PROJECT\Project\Library\libAnalog.a(analog.o)
 .rodata        0x0000357c       0xa0 C:\Users\12195032\Documents\PROJECT\Project\Library\libAnalog.a(SPI.o)
 *(.rodata*)
 .rodata.ANALOG_THREAD_PRIORITIES
                0x0000361c        0x4 ./Sources/main.o
                0x0000361c                ANALOG_THREAD_PRIORITIES
 .rodata.SPI_SETUP
                0x00003620       0x1c C:\Users\12195032\Documents\PROJECT\Project\Library\libAnalog.a(analog.o)
 .rodata.str1.1
                0x0000363c        0x2 c:/freescale/kds_3.0.0/toolchain/bin/../lib/gcc/arm-none-eabi/4.8.4/../../../../arm-none-eabi/lib/armv7e-m/fpu\libg_s.a(lib_a-impure.o)
 *fill*         0x0000363e        0x2 
 .rodata._global_impure_ptr
                0x00003640        0x4 c:/freescale/kds_3.0.0/toolchain/bin/../lib/gcc/arm-none-eabi/4.8.4/../../../../arm-none-eabi/lib/armv7e-m/fpu\libg_s.a(lib_a-impure.o)
                0x00003640                _global_impure_ptr
 *(.glue_7)
 .glue_7        0x00000000        0x0 linker stubs
 *(.glue_7t)
 .glue_7t       0x00000000        0x0 linker stubs
 *(.eh_frame)
 .eh_frame      0x00003644        0x0 c:/freescale/kds_3.0.0/toolchain/bin/../lib/gcc/arm-none-eabi/4.8.4/armv7e-m/fpu/crtbegin.o
 *(.init)
 .init          0x00003644        0x4 c:/freescale/kds_3.0.0/toolchain/bin/../lib/gcc/arm-none-eabi/4.8.4/armv7e-m/fpu/crti.o
                0x00003644                _init
 .init          0x00003648        0x8 c:/freescale/kds_3.0.0/toolchain/bin/../lib/gcc/arm-none-eabi/4.8.4/armv7e-m/fpu/crtn.o
 *(.fini)
 .fini          0x00003650        0x4 c:/freescale/kds_3.0.0/toolchain/bin/../lib/gcc/arm-none-eabi/4.8.4/armv7e-m/fpu/crti.o
                0x00003650                _fini
 .fini          0x00003654        0x8 c:/freescale/kds_3.0.0/toolchain/bin/../lib/gcc/arm-none-eabi/4.8.4/armv7e-m/fpu/crtn.o
                0x0000365c                . = ALIGN (0x4)
                0x0000365c                _etext = .

.vfp11_veneer   0x0000365c        0x0
 .vfp11_veneer  0x00000000        0x0 linker stubs

.v4_bx          0x0000365c        0x0
 .v4_bx         0x00000000        0x0 linker stubs

.iplt           0x0000365c        0x0
 .iplt          0x00000000        0x0 c:/freescale/kds_3.0.0/toolchain/bin/../lib/gcc/arm-none-eabi/4.8.4/armv7e-m/fpu/crtbegin.o

.ARM.extab
 *(.ARM.extab* .gnu.linkonce.armextab.*)

.ARM            0x0000365c        0x8
                0x0000365c                __exidx_start = .
 *(.ARM.exidx*)
 .ARM.exidx     0x0000365c        0x8 c:/freescale/kds_3.0.0/toolchain/bin/../lib/gcc/arm-none-eabi/4.8.4/../../../../arm-none-eabi/lib/armv7e-m/fpu/crt0.o
                0x00003664                __exidx_end = .

.rel.dyn        0x00003664        0x0
 .rel.iplt      0x00000000        0x0 c:/freescale/kds_3.0.0/toolchain/bin/../lib/gcc/arm-none-eabi/4.8.4/armv7e-m/fpu/crtbegin.o

.ctors          0x00003664        0x0
                0x00003664                __CTOR_LIST__ = .
 *crtbegin.o(.ctors)
 *(EXCLUDE_FILE(*crtend.o) .ctors)
 *(SORT(.ctors.*))
 *(.ctors)
                0x00003664                __CTOR_END__ = .

.dtors          0x00003664        0x0
                0x00003664                __DTOR_LIST__ = .
 *crtbegin.o(.dtors)
 *(EXCLUDE_FILE(*crtend.o) .dtors)
 *(SORT(.dtors.*))
 *(.dtors)
                0x00003664                __DTOR_END__ = .

.preinit_array  0x00003664        0x0
                0x00003664                PROVIDE (__preinit_array_start, .)
 *(.preinit_array*)
                0x00003664                PROVIDE (__preinit_array_end, .)

.init_array     0x00003664        0x4
                0x00003664                PROVIDE (__init_array_start, .)
 *(SORT(.init_array.*))
 *(.init_array*)
 .init_array    0x00003664        0x4 c:/freescale/kds_3.0.0/toolchain/bin/../lib/gcc/arm-none-eabi/4.8.4/armv7e-m/fpu/crtbegin.o
                0x00003668                PROVIDE (__init_array_end, .)

.fini_array     0x00003668        0x4
                0x00003668                PROVIDE (__fini_array_start, .)
 *(SORT(.fini_array.*))
 *(.fini_array*)
 .fini_array    0x00003668        0x4 c:/freescale/kds_3.0.0/toolchain/bin/../lib/gcc/arm-none-eabi/4.8.4/armv7e-m/fpu/crtbegin.o
                0x0000366c                PROVIDE (__fini_array_end, .)
                0x0000366c                ___ROM_AT = .

.data           0x1fff0000       0x7c load address 0x0000366c
                0x1fff0000                . = ALIGN (0x4)
                0x1fff0000                _sdata = .
 *(.data)
 *(.data*)
 .data.phrase_alloc
                0x1fff0000        0x1 ./Sources/Flash.o
                0x1fff0000                phrase_alloc
 *fill*         0x1fff0001        0x3 
 .data.AnalogThreadData
                0x1fff0004       0x18 ./Sources/main.o
 .data.impure_data
                0x1fff001c       0x60 c:/freescale/kds_3.0.0/toolchain/bin/../lib/gcc/arm-none-eabi/4.8.4/../../../../arm-none-eabi/lib/armv7e-m/fpu\libg_s.a(lib_a-impure.o)
                0x1fff007c                . = ALIGN (0x4)
                0x1fff007c                _edata = .
                0x0000007c                ___data_size = (_edata - _sdata)
                0x000036e8                ___m_data_20000000_ROMStart = (___ROM_AT + SIZEOF (.data))

.jcr            0x1fff007c        0x0 load address 0x000036e8
 .jcr           0x1fff007c        0x0 c:/freescale/kds_3.0.0/toolchain/bin/../lib/gcc/arm-none-eabi/4.8.4/armv7e-m/fpu/crtbegin.o

.igot.plt       0x1fff007c        0x0 load address 0x000036e8
 .igot.plt      0x00000000        0x0 c:/freescale/kds_3.0.0/toolchain/bin/../lib/gcc/arm-none-eabi/4.8.4/armv7e-m/fpu/crtbegin.o

.m_data_20000000
                0x20000000        0x0 load address 0x000036e8
                0x20000000                . = ALIGN (0x4)
                0x20000000                ___m_data_20000000_RAMStart = .
 *(.m_data_20000000)
                0x20000000                ___m_data_20000000_RAMEnd = .
                0x20000000                . = ALIGN (0x4)
                0x00000000                ___m_data_20000000_ROMSize = (___m_data_20000000_RAMEnd - ___m_data_20000000_RAMStart)
                0x20000000                . = ALIGN (0x4)

.bss            0x1fff0080     0x1860 load address 0x000036f0
                0x1fff0080                __START_BSS = .
                0x1fff0080                PROVIDE (__bss_start__, __START_BSS)
 *(.bss)
 .bss           0x1fff0080       0x1c c:/freescale/kds_3.0.0/toolchain/bin/../lib/gcc/arm-none-eabi/4.8.4/armv7e-m/fpu/crtbegin.o
 *(.bss*)
 .bss.PIT_moduleClk
                0x1fff009c        0x4 ./Sources/PIT.o
 .bss.PITArguments
                0x1fff00a0        0x4 ./Sources/PIT.o
 .bss.PITCallback
                0x1fff00a4        0x4 ./Sources/PIT.o
 .bss.RxFIFO    0x1fff00a8      0x114 ./Sources/UART.o
 .bss.TxFIFO    0x1fff01bc      0x114 ./Sources/UART.o
 .bss.InitModulesThreadStack
                0x1fff02d0      0x190 ./Sources/main.o
 .bss.AnalogThreadStacks
                0x1fff0460      0x4b0 ./Sources/main.o
 .bss.ReceiveThreadStack
                0x1fff0910      0x190 ./Sources/main.o
 .bss.TransmitThreadStack
                0x1fff0aa0      0x190 ./Sources/main.o
 .bss.PacketThreadStack
                0x1fff0c30      0x190 ./Sources/main.o
 .bss.PITThreadStack
                0x1fff0dc0      0x190 ./Sources/main.o
 .bss.packet_position
                0x1fff0f50        0x1 ./Sources/packet.o
                0x1fff0f50                packet_position
 .bss.SR_lock   0x1fff0f51        0x1 ./Generated_Code/Cpu.o
                0x1fff0f51                SR_lock
 *fill*         0x1fff0f52        0x2 
 .bss.TCBUnusedMain
                0x1fff0f54       0x18 C:\Users\12195032\Documents\PROJECT\Project\Library\libOS.a(OS.o)
 .bss.TCBTable  0x1fff0f6c      0x300 C:\Users\12195032\Documents\PROJECT\Project\Library\libOS.a(OS.o)
 .bss.pTCBFreeList
                0x1fff126c        0x4 C:\Users\12195032\Documents\PROJECT\Project\Library\libOS.a(OS.o)
 .bss.pTCBAllocatedList
                0x1fff1270        0x4 C:\Users\12195032\Documents\PROJECT\Project\Library\libOS.a(OS.o)
 .bss.pTCBPriorityTable
                0x1fff1274       0x80 C:\Users\12195032\Documents\PROJECT\Project\Library\libOS.a(OS.o)
 .bss.pTCBRunning
                0x1fff12f4        0x4 C:\Users\12195032\Documents\PROJECT\Project\Library\libOS.a(OS.o)
 .bss.pTCBHighestReady
                0x1fff12f8        0x4 C:\Users\12195032\Documents\PROJECT\Project\Library\libOS.a(OS.o)
 .bss.ReadyList
                0x1fff12fc        0x4 C:\Users\12195032\Documents\PROJECT\Project\Library\libOS.a(OS.o)
 .bss.ECBTable  0x1fff1300      0x100 C:\Users\12195032\Documents\PROJECT\Project\Library\libOS.a(OS.o)
 .bss.NextECBFree
                0x1fff1400        0x1 C:\Users\12195032\Documents\PROJECT\Project\Library\libOS.a(OS.o)
 *fill*         0x1fff1401        0x3 
 .bss.IdleCounter
                0x1fff1404        0x4 C:\Users\12195032\Documents\PROJECT\Project\Library\libOS.a(OS.o)
 .bss.IdleStack
                0x1fff1408      0x400 C:\Users\12195032\Documents\PROJECT\Project\Library\libOS.a(OS.o)
 .bss.Ticks     0x1fff1808        0x4 C:\Users\12195032\Documents\PROJECT\Project\Library\libOS.a(OS.o)
 .bss.ToggleCntr
                0x1fff180c        0x4 C:\Users\12195032\Documents\PROJECT\Project\Library\libOS.a(OS.o)
 .bss.ToggleLED
                0x1fff1810        0x1 C:\Users\12195032\Documents\PROJECT\Project\Library\libOS.a(OS.o)
 .bss.ISRNestLevel
                0x1fff1811        0x1 C:\Users\12195032\Documents\PROJECT\Project\Library\libOS.a(OS.o)
 *fill*         0x1fff1812        0x2 
 .bss.ADCCommandUnion
                0x1fff1814        0x4 C:\Users\12195032\Documents\PROJECT\Project\Library\libAnalog.a(analog.o)
 *(COMMON)
 COMMON         0x1fff1818        0x4 ./Sources/PIT.o
                0x1fff1818                PITSemaphore
 COMMON         0x1fff181c        0xc ./Sources/UART.o
                0x1fff181c                RxSemaphore
                0x1fff1820                TxSemaphore
                0x1fff1824                PacketPutSemaphore
 COMMON         0x1fff1828       0x10 ./Sources/packet.o
                0x1fff1828                TowerNumber
                0x1fff182c                Packet
                0x1fff1834                TowerMode
 COMMON         0x1fff1838        0x1 ./Generated_Code/Cpu.o
                0x1fff1838                SR_reg
 *fill*         0x1fff1839        0x3 
 COMMON         0x1fff183c       0xa4 C:\Users\12195032\Documents\PROJECT\Project\Library\libAnalog.a(analog.o)
                0x1fff183c                Analog_Inputs
                0x1fff18dc                DACInput
                0x1fff18e0                . = ALIGN (0x4)
                0x1fff18e0                __END_BSS = .
                0x1fff18e0                PROVIDE (__bss_end__, __END_BSS)
                0x000036e8                _romp_at = ((___ROM_AT + SIZEOF (.data)) + SIZEOF (.m_data_20000000))

.romp           0x1fff18e0       0x24 load address 0x000036e8
                0x000036e8                __S_romp = _romp_at
                0x1fff18e0        0x4 LONG 0x366c ___ROM_AT
                0x1fff18e4        0x4 LONG 0x1fff0000 _sdata
                0x1fff18e8        0x4 LONG 0x7c ___data_size
                0x1fff18ec        0x4 LONG 0x36e8 ___m_data_20000000_ROMStart
                0x1fff18f0        0x4 LONG 0x20000000 ___m_data_20000000_RAMStart
                0x1fff18f4        0x4 LONG 0x0 ___m_data_20000000_ROMSize
                0x1fff18f8        0x4 LONG 0x0
                0x1fff18fc        0x4 LONG 0x0
                0x1fff1900        0x4 LONG 0x0

._user_heap_stack
                0x1fff1904      0x400 load address 0x0000370c
                0x1fff1904                . = ALIGN (0x4)
                0x1fff1904                PROVIDE (end, .)
                0x1fff1904                PROVIDE (_end, .)
                0x1fff1904                __heap_addr = .
                0x1fff1904                __HeapBase = .
                0x1fff1904                . = (. + __heap_size)
                0x1fff1904                __HeapLimit = .
                0x1fff1d04                . = (. + __stack_size)
 *fill*         0x1fff1904      0x400 
                0x1fff1d04                . = ALIGN (0x4)

.ARM.attributes
                0x00000000       0x30
 *(.ARM.attributes)
 .ARM.attributes
                0x00000000       0x22 c:/freescale/kds_3.0.0/toolchain/bin/../lib/gcc/arm-none-eabi/4.8.4/armv7e-m/fpu/crti.o
 .ARM.attributes
                0x00000022       0x34 c:/freescale/kds_3.0.0/toolchain/bin/../lib/gcc/arm-none-eabi/4.8.4/armv7e-m/fpu/crtbegin.o
 .ARM.attributes
                0x00000056       0x20 c:/freescale/kds_3.0.0/toolchain/bin/../lib/gcc/arm-none-eabi/4.8.4/../../../../arm-none-eabi/lib/armv7e-m/fpu/crt0.o
 .ARM.attributes
                0x00000076       0x39 ./Sources/FIFO.o
 .ARM.attributes
                0x000000af       0x39 ./Sources/Flash.o
 .ARM.attributes
                0x000000e8       0x39 ./Sources/LEDs.o
 .ARM.attributes
                0x00000121       0x39 ./Sources/PIT.o
 .ARM.attributes
                0x0000015a       0x39 ./Sources/UART.o
 .ARM.attributes
                0x00000193       0x39 ./Sources/main.o
 .ARM.attributes
                0x000001cc       0x39 ./Sources/packet.o
 .ARM.attributes
                0x00000205       0x39 ./Project_Settings/Startup_Code/startup.o
 .ARM.attributes
                0x0000023e       0x39 ./Generated_Code/Cpu.o
 .ARM.attributes
                0x00000277       0x39 ./Generated_Code/Vectors.o
 .ARM.attributes
                0x000002b0       0x39 C:\Users\12195032\Documents\PROJECT\Project\Library\libOS.a(OS.o)
 .ARM.attributes
                0x000002e9       0x39 C:\Users\12195032\Documents\PROJECT\Project\Library\libAnalog.a(analog.o)
 .ARM.attributes
                0x00000322       0x39 C:\Users\12195032\Documents\PROJECT\Project\Library\libAnalog.a(SPI.o)
 .ARM.attributes
                0x0000035b       0x22 c:/freescale/kds_3.0.0/toolchain/bin/../lib/gcc/arm-none-eabi/4.8.4/armv7e-m/fpu\libgcc.a(_arm_addsubdf3.o)
 .ARM.attributes
                0x0000037d       0x22 c:/freescale/kds_3.0.0/toolchain/bin/../lib/gcc/arm-none-eabi/4.8.4/armv7e-m/fpu\libgcc.a(_arm_muldivdf3.o)
 .ARM.attributes
                0x0000039f       0x22 c:/freescale/kds_3.0.0/toolchain/bin/../lib/gcc/arm-none-eabi/4.8.4/armv7e-m/fpu\libgcc.a(_arm_fixunsdfsi.o)
 .ARM.attributes
                0x000003c1       0x34 c:/freescale/kds_3.0.0/toolchain/bin/../lib/gcc/arm-none-eabi/4.8.4/../../../../arm-none-eabi/lib/armv7e-m/fpu\libg_s.a(lib_a-exit.o)
 .ARM.attributes
                0x000003f5       0x34 c:/freescale/kds_3.0.0/toolchain/bin/../lib/gcc/arm-none-eabi/4.8.4/../../../../arm-none-eabi/lib/armv7e-m/fpu\libg_s.a(lib_a-impure.o)
 .ARM.attributes
                0x00000429       0x34 c:/freescale/kds_3.0.0/toolchain/bin/../lib/gcc/arm-none-eabi/4.8.4/../../../../arm-none-eabi/lib/armv7e-m/fpu\libg_s.a(lib_a-init.o)
 .ARM.attributes
                0x0000045d       0x34 c:/freescale/kds_3.0.0/toolchain/bin/../lib/gcc/arm-none-eabi/4.8.4/../../../../arm-none-eabi/lib/armv7e-m/fpu\libg_s.a(lib_a-memset.o)
 .ARM.attributes
                0x00000491       0x34 c:/freescale/kds_3.0.0/toolchain/bin/../lib/gcc/arm-none-eabi/4.8.4/../../../../arm-none-eabi/lib/armv7e-m/fpu\libnosys.a(_exit.o)
 .ARM.attributes
                0x000004c5       0x22 c:/freescale/kds_3.0.0/toolchain/bin/../lib/gcc/arm-none-eabi/4.8.4/armv7e-m/fpu/crtn.o
OUTPUT(Project.elf elf32-littlearm)

.debug_info     0x00000000     0x55bc
 .debug_info    0x00000000      0x228 ./Sources/FIFO.o
 .debug_info    0x00000228      0x755 ./Sources/Flash.o
 .debug_info    0x0000097d      0x490 ./Sources/LEDs.o
 .debug_info    0x00000e0d      0x5eb ./Sources/PIT.o
 .debug_info    0x000013f8      0xa03 ./Sources/UART.o
 .debug_info    0x00001dfb      0x4cb ./Sources/main.o
 .debug_info    0x000022c6      0x4a2 ./Sources/packet.o
 .debug_info    0x00002768      0x3b0 ./Project_Settings/Startup_Code/startup.o
 .debug_info    0x00002b18      0xc82 ./Generated_Code/Cpu.o
 .debug_info    0x0000379a      0x156 ./Generated_Code/Vectors.o
 .debug_info    0x000038f0      0xd02 C:\Users\12195032\Documents\PROJECT\Project\Library\libOS.a(OS.o)
 .debug_info    0x000045f2      0x56a C:\Users\12195032\Documents\PROJECT\Project\Library\libAnalog.a(analog.o)
 .debug_info    0x00004b5c      0xa60 C:\Users\12195032\Documents\PROJECT\Project\Library\libAnalog.a(SPI.o)

.debug_abbrev   0x00000000     0x1465
 .debug_abbrev  0x00000000       0xd5 ./Sources/FIFO.o
 .debug_abbrev  0x000000d5      0x1d5 ./Sources/Flash.o
 .debug_abbrev  0x000002aa      0x144 ./Sources/LEDs.o
 .debug_abbrev  0x000003ee      0x19d ./Sources/PIT.o
 .debug_abbrev  0x0000058b      0x1e1 ./Sources/UART.o
 .debug_abbrev  0x0000076c      0x198 ./Sources/main.o
 .debug_abbrev  0x00000904      0x179 ./Sources/packet.o
 .debug_abbrev  0x00000a7d      0x189 ./Project_Settings/Startup_Code/startup.o
 .debug_abbrev  0x00000c06      0x185 ./Generated_Code/Cpu.o
 .debug_abbrev  0x00000d8b       0xb3 ./Generated_Code/Vectors.o
 .debug_abbrev  0x00000e3e      0x2f8 C:\Users\12195032\Documents\PROJECT\Project\Library\libOS.a(OS.o)
 .debug_abbrev  0x00001136      0x15a C:\Users\12195032\Documents\PROJECT\Project\Library\libAnalog.a(analog.o)
 .debug_abbrev  0x00001290      0x1d5 C:\Users\12195032\Documents\PROJECT\Project\Library\libAnalog.a(SPI.o)

.debug_aranges  0x00000000      0x3d8
 .debug_aranges
                0x00000000       0x30 ./Sources/FIFO.o
 .debug_aranges
                0x00000030       0x68 ./Sources/Flash.o
 .debug_aranges
                0x00000098       0x38 ./Sources/LEDs.o
 .debug_aranges
                0x000000d0       0x38 ./Sources/PIT.o
 .debug_aranges
                0x00000108       0x48 ./Sources/UART.o
 .debug_aranges
                0x00000150       0x48 ./Sources/main.o
 .debug_aranges
                0x00000198       0x48 ./Sources/packet.o
 .debug_aranges
                0x000001e0       0x50 ./Project_Settings/Startup_Code/startup.o
 .debug_aranges
                0x00000230       0x38 ./Generated_Code/Cpu.o
 .debug_aranges
                0x00000268       0x18 ./Generated_Code/Vectors.o
 .debug_aranges
                0x00000280       0xc8 C:\Users\12195032\Documents\PROJECT\Project\Library\libOS.a(OS.o)
 .debug_aranges
                0x00000348       0x38 C:\Users\12195032\Documents\PROJECT\Project\Library\libAnalog.a(analog.o)
 .debug_aranges
                0x00000380       0x58 C:\Users\12195032\Documents\PROJECT\Project\Library\libAnalog.a(SPI.o)

.debug_ranges   0x00000000      0x300
 .debug_ranges  0x00000000       0x20 ./Sources/FIFO.o
 .debug_ranges  0x00000020       0x58 ./Sources/Flash.o
 .debug_ranges  0x00000078       0x28 ./Sources/LEDs.o
 .debug_ranges  0x000000a0       0x28 ./Sources/PIT.o
 .debug_ranges  0x000000c8       0x38 ./Sources/UART.o
 .debug_ranges  0x00000100       0x38 ./Sources/main.o
 .debug_ranges  0x00000138       0x38 ./Sources/packet.o
 .debug_ranges  0x00000170       0x40 ./Project_Settings/Startup_Code/startup.o
 .debug_ranges  0x000001b0       0x28 ./Generated_Code/Cpu.o
 .debug_ranges  0x000001d8       0xb8 C:\Users\12195032\Documents\PROJECT\Project\Library\libOS.a(OS.o)
 .debug_ranges  0x00000290       0x28 C:\Users\12195032\Documents\PROJECT\Project\Library\libAnalog.a(analog.o)
 .debug_ranges  0x000002b8       0x48 C:\Users\12195032\Documents\PROJECT\Project\Library\libAnalog.a(SPI.o)

.debug_macro    0x00000000    0x1bd15
 .debug_macro   0x00000000       0xaf ./Sources/FIFO.o
 .debug_macro   0x000000af       0x22 ./Sources/FIFO.o
 .debug_macro   0x000000d1       0x36 ./Sources/FIFO.o
 .debug_macro   0x00000107     0x181c ./Sources/FIFO.o
 .debug_macro   0x00001923      0x121 ./Sources/Flash.o
 .debug_macro   0x00001a44       0x2e ./Sources/Flash.o
 .debug_macro   0x00001a72       0x58 ./Sources/Flash.o
 .debug_macro   0x00001aca       0x35 ./Sources/Flash.o
 .debug_macro   0x00001aff       0xa3 ./Sources/Flash.o
 .debug_macro   0x00001ba2      0x166 ./Sources/Flash.o
 .debug_macro   0x00001d08       0x52 ./Sources/Flash.o
 .debug_macro   0x00001d5a       0x16 ./Sources/Flash.o
 .debug_macro   0x00001d70       0x43 ./Sources/Flash.o
 .debug_macro   0x00001db3      0x180 ./Sources/Flash.o
 .debug_macro   0x00001f33      0x2a6 ./Sources/Flash.o
 .debug_macro   0x000021d9       0x10 ./Sources/Flash.o
 .debug_macro   0x000021e9       0x35 ./Sources/Flash.o
 .debug_macro   0x0000221e       0x68 ./Sources/LEDs.o
 .debug_macro   0x00002286       0x7b ./Sources/PIT.o
 .debug_macro   0x00002301       0xc2 ./Sources/UART.o
 .debug_macro   0x000023c3       0xd0 ./Sources/UART.o
 .debug_macro   0x00002493      0x1a5 ./Sources/main.o
 .debug_macro   0x00002638       0x30 ./Sources/main.o
 .debug_macro   0x00002668       0x16 ./Sources/main.o
 .debug_macro   0x0000267e       0xcf ./Sources/packet.o
 .debug_macro   0x0000274d       0xca ./Sources/packet.o
 .debug_macro   0x00002817      0x121 ./Project_Settings/Startup_Code/startup.o
 .debug_macro   0x00002938       0x4a ./Project_Settings/Startup_Code/startup.o
 .debug_macro   0x00002982       0x16 ./Project_Settings/Startup_Code/startup.o
 .debug_macro   0x00002998       0x22 ./Project_Settings/Startup_Code/startup.o
 .debug_macro   0x000029ba       0x16 ./Project_Settings/Startup_Code/startup.o
 .debug_macro   0x000029d0      0x20f ./Project_Settings/Startup_Code/startup.o
 .debug_macro   0x00002bdf    0x174af ./Project_Settings/Startup_Code/startup.o
 .debug_macro   0x0001a08e       0x84 ./Generated_Code/Cpu.o
 .debug_macro   0x0001a112       0xa0 ./Generated_Code/Cpu.o
 .debug_macro   0x0001a1b2       0xd5 ./Generated_Code/Vectors.o
 .debug_macro   0x0001a287       0xa3 C:\Users\12195032\Documents\PROJECT\Project\Library\libOS.a(OS.o)
 .debug_macro   0x0001a32a     0x17fa C:\Users\12195032\Documents\PROJECT\Project\Library\libOS.a(OS.o)
 .debug_macro   0x0001bb24       0x94 C:\Users\12195032\Documents\PROJECT\Project\Library\libOS.a(OS.o)
 .debug_macro   0x0001bbb8       0xf5 C:\Users\12195032\Documents\PROJECT\Project\Library\libAnalog.a(analog.o)
 .debug_macro   0x0001bcad       0x68 C:\Users\12195032\Documents\PROJECT\Project\Library\libAnalog.a(SPI.o)

.debug_line     0x00000000     0x29e8
 .debug_line    0x00000000      0x2db ./Sources/FIFO.o
 .debug_line    0x000002db      0x3d1 ./Sources/Flash.o
 .debug_line    0x000006ac      0x220 ./Sources/LEDs.o
 .debug_line    0x000008cc      0x271 ./Sources/PIT.o
 .debug_line    0x00000b3d      0x35f ./Sources/UART.o
 .debug_line    0x00000e9c      0x4b1 ./Sources/main.o
 .debug_line    0x0000134d      0x3b6 ./Sources/packet.o
 .debug_line    0x00001703      0x3d8 ./Project_Settings/Startup_Code/startup.o
 .debug_line    0x00001adb      0x27d ./Generated_Code/Cpu.o
 .debug_line    0x00001d58      0x30f ./Generated_Code/Vectors.o
 .debug_line    0x00002067      0x496 C:\Users\12195032\Documents\PROJECT\Project\Library\libOS.a(OS.o)
 .debug_line    0x000024fd      0x218 C:\Users\12195032\Documents\PROJECT\Project\Library\libAnalog.a(analog.o)
 .debug_line    0x00002715      0x2d3 C:\Users\12195032\Documents\PROJECT\Project\Library\libAnalog.a(SPI.o)

.debug_str      0x00000000    0x8ebf2
 .debug_str     0x00000000    0x8a70b ./Sources/FIFO.o
                              0x8a889 (size before relaxing)
 .debug_str     0x0008a70b     0x2855 ./Sources/Flash.o
                              0x85636 (size before relaxing)
 .debug_str     0x0008cf60       0xe9 ./Sources/LEDs.o
                              0x82eee (size before relaxing)
 .debug_str     0x0008d049      0x14f ./Sources/PIT.o
                              0x8306f (size before relaxing)
 .debug_str     0x0008d198      0x53b ./Sources/UART.o
                              0x8af0e (size before relaxing)
 .debug_str     0x0008d6d3      0x2f1 ./Sources/main.o
                              0x8d52d (size before relaxing)
 .debug_str     0x0008d9c4      0x126 ./Sources/packet.o
                              0x8aeb5 (size before relaxing)
 .debug_str     0x0008daea      0x212 ./Project_Settings/Startup_Code/startup.o
                              0x853f2 (size before relaxing)
 .debug_str     0x0008dcfc      0x20b ./Generated_Code/Cpu.o
                              0x8aa9e (size before relaxing)
 .debug_str     0x0008df07       0x28 ./Generated_Code/Vectors.o
                              0x8a83e (size before relaxing)
 .debug_str     0x0008df2f      0x3b8 C:\Users\12195032\Documents\PROJECT\Project\Library\libOS.a(OS.o)
                              0x8ad2a (size before relaxing)
 .debug_str     0x0008e2e7      0x5b6 C:\Users\12195032\Documents\PROJECT\Project\Library\libAnalog.a(analog.o)
                               0x38d5 (size before relaxing)
 .debug_str     0x0008e89d      0x355 C:\Users\12195032\Documents\PROJECT\Project\Library\libAnalog.a(SPI.o)
                              0x83389 (size before relaxing)

.comment        0x00000000       0x70
 .comment       0x00000000       0x70 ./Sources/FIFO.o
                                 0x71 (size before relaxing)
 .comment       0x00000000       0x71 ./Sources/Flash.o
 .comment       0x00000000       0x71 ./Sources/LEDs.o
 .comment       0x00000000       0x71 ./Sources/PIT.o
 .comment       0x00000000       0x71 ./Sources/UART.o
 .comment       0x00000000       0x71 ./Sources/main.o
 .comment       0x00000000       0x71 ./Sources/packet.o
 .comment       0x00000000       0x71 ./Project_Settings/Startup_Code/startup.o
 .comment       0x00000000       0x71 ./Generated_Code/Cpu.o
 .comment       0x00000000       0x71 ./Generated_Code/Vectors.o
 .comment       0x00000000       0x71 C:\Users\12195032\Documents\PROJECT\Project\Library\libOS.a(OS.o)
 .comment       0x00000000       0x71 C:\Users\12195032\Documents\PROJECT\Project\Library\libAnalog.a(analog.o)
 .comment       0x00000000       0x71 C:\Users\12195032\Documents\PROJECT\Project\Library\libAnalog.a(SPI.o)

.debug_frame    0x00000000      0xb28
 .debug_frame   0x00000000       0x70 ./Sources/FIFO.o
 .debug_frame   0x00000070      0x138 ./Sources/Flash.o
 .debug_frame   0x000001a8       0x7c ./Sources/LEDs.o
 .debug_frame   0x00000224       0x90 ./Sources/PIT.o
 .debug_frame   0x000002b4       0xd4 ./Sources/UART.o
 .debug_frame   0x00000388       0xd0 ./Sources/main.o
 .debug_frame   0x00000458       0xcc ./Sources/packet.o
 .debug_frame   0x00000524       0xc0 ./Project_Settings/Startup_Code/startup.o
 .debug_frame   0x000005e4       0x80 ./Generated_Code/Cpu.o
 .debug_frame   0x00000664      0x2a0 C:\Users\12195032\Documents\PROJECT\Project\Library\libOS.a(OS.o)
 .debug_frame   0x00000904       0x90 C:\Users\12195032\Documents\PROJECT\Project\Library\libAnalog.a(analog.o)
 .debug_frame   0x00000994      0x100 C:\Users\12195032\Documents\PROJECT\Project\Library\libAnalog.a(SPI.o)
 .debug_frame   0x00000a94       0x28 c:/freescale/kds_3.0.0/toolchain/bin/../lib/gcc/arm-none-eabi/4.8.4/../../../../arm-none-eabi/lib/armv7e-m/fpu\libg_s.a(lib_a-exit.o)
 .debug_frame   0x00000abc       0x2c c:/freescale/kds_3.0.0/toolchain/bin/../lib/gcc/arm-none-eabi/4.8.4/../../../../arm-none-eabi/lib/armv7e-m/fpu\libg_s.a(lib_a-init.o)
 .debug_frame   0x00000ae8       0x20 c:/freescale/kds_3.0.0/toolchain/bin/../lib/gcc/arm-none-eabi/4.8.4/../../../../arm-none-eabi/lib/armv7e-m/fpu\libg_s.a(lib_a-memset.o)
 .debug_frame   0x00000b08       0x20 c:/freescale/kds_3.0.0/toolchain/bin/../lib/gcc/arm-none-eabi/4.8.4/../../../../arm-none-eabi/lib/armv7e-m/fpu\libnosys.a(_exit.o)
